01:51:38 **** Build of project SDK_version_bsp ****
make -k all 
"Running Make include in microblaze_0/libsrc/bram_v4_0/src"
make -C microblaze_0/libsrc/bram_v4_0/src -s include  "SHELL=CMD" "COMPILER=mb-gcc" "ARCHIVER=mb-ar" "COMPILER_FLAGS= -O2 -c -mcpu=v9.5 -mlittle-endian -mxl-soft-mul" "EXTRA_COMPILER_FLAGS=-g"
"Running Make include in microblaze_0/libsrc/cpu_v2_3/src"
make -C microblaze_0/libsrc/cpu_v2_3/src -s include  "SHELL=CMD" "COMPILER=mb-gcc" "ARCHIVER=mb-ar" "COMPILER_FLAGS= -O2 -c -mcpu=v9.5 -mlittle-endian -mxl-soft-mul" "EXTRA_COMPILER_FLAGS=-g"
"Running Make include in microblaze_0/libsrc/standalone_v5_3/src"
make -C microblaze_0/libsrc/standalone_v5_3/src -s include  "SHELL=CMD" "COMPILER=mb-gcc" "ARCHIVER=mb-ar" "COMPILER_FLAGS= -O2 -c -mcpu=v9.5 -mlittle-endian -mxl-soft-mul" "EXTRA_COMPILER_FLAGS=-g"
"Running Make include in microblaze_0/libsrc/uartlite_v3_1/src"
make -C microblaze_0/libsrc/uartlite_v3_1/src -s include  "SHELL=CMD" "COMPILER=mb-gcc" "ARCHIVER=mb-ar" "COMPILER_FLAGS= -O2 -c -mcpu=v9.5 -mlittle-endian -mxl-soft-mul" "EXTRA_COMPILER_FLAGS=-g"
"Running Make libs in microblaze_0/libsrc/bram_v4_0/src"
make -C microblaze_0/libsrc/bram_v4_0/src -s libs  "SHELL=CMD" "COMPILER=mb-gcc" "ARCHIVER=mb-ar" "COMPILER_FLAGS= -O2 -c -mcpu=v9.5 -mlittle-endian -mxl-soft-mul" "EXTRA_COMPILER_FLAGS=-g"
"Compiling bram"
mb-ar: creating ../../../lib/libxil.a
"Running Make libs in microblaze_0/libsrc/cpu_v2_3/src"
make -C microblaze_0/libsrc/cpu_v2_3/src -s libs  "SHELL=CMD" "COMPILER=mb-gcc" "ARCHIVER=mb-ar" "COMPILER_FLAGS= -O2 -c -mcpu=v9.5 -mlittle-endian -mxl-soft-mul" "EXTRA_COMPILER_FLAGS=-g"
"Compiling cpu"
"Running Make libs in microblaze_0/libsrc/standalone_v5_3/src"
make -C microblaze_0/libsrc/standalone_v5_3/src -s libs  "SHELL=CMD" "COMPILER=mb-gcc" "ARCHIVER=mb-ar" "COMPILER_FLAGS= -O2 -c -mcpu=v9.5 -mlittle-endian -mxl-soft-mul" "EXTRA_COMPILER_FLAGS=-g"
"Compiling standalone";
"Running Make libs in microblaze_0/libsrc/uartlite_v3_1/src"
make -C microblaze_0/libsrc/uartlite_v3_1/src -s libs  "SHELL=CMD" "COMPILER=mb-gcc" "ARCHIVER=mb-ar" "COMPILER_FLAGS= -O2 -c -mcpu=v9.5 -mlittle-endian -mxl-soft-mul" "EXTRA_COMPILER_FLAGS=-g"
"Compiling uartlite"
'Finished building libraries'
01:51:49 **** Build of configuration Debug for project SDK_version ****
make all 
'Building file: ../src/helloworld.c'
'Invoking: MicroBlaze gcc compiler'
mb-gcc -Wall -O0 -g3 -c -fmessage-length=0 -MT"src/helloworld.o" -I../../SDK_version_bsp/microblaze_0/include -mlittle-endian -mcpu=v9.5 -mxl-soft-mul -Wl,--no-relax -MMD -MP -MF"src/helloworld.d" -MT"src/helloworld.d" -o "src/helloworld.o" "../src/helloworld.c"
'Finished building: ../src/helloworld.c'
' '
'Building file: ../src/platform.c'
'Invoking: MicroBlaze gcc compiler'
mb-gcc -Wall -O0 -g3 -c -fmessage-length=0 -MT"src/platform.o" -I../../SDK_version_bsp/microblaze_0/include -mlittle-endian -mcpu=v9.5 -mxl-soft-mul -Wl,--no-relax -MMD -MP -MF"src/platform.d" -MT"src/platform.d" -o "src/platform.o" "../src/platform.c"
'Finished building: ../src/platform.c'
' '
'Building target: SDK_version.elf'
'Invoking: MicroBlaze gcc linker'
mb-gcc -Wl,-T -Wl,../src/lscript.ld -L../../SDK_version_bsp/microblaze_0/lib -mlittle-endian -mcpu=v9.5 -mxl-soft-mul -Wl,--no-relax -o "SDK_version.elf"  ./src/helloworld.o ./src/platform.o   -Wl,--start-group,-lxil,-lgcc,-lc,--end-group
'Finished building target: SDK_version.elf'
' '
'Invoking: MicroBlaze Print Size'
mb-size SDK_version.elf  |tee "SDK_version.elf.size"
   text	   data	    bss	    dec	    hex	filename
   3320	    288	   3120	   6728	   1a48	SDK_version.elf
'Finished building: SDK_version.elf.size'
' '
01:52:53 **** Auto Build of configuration Debug for project SDK_version ****
make all 
'Building file: ../src/helloworld.c'
'Invoking: MicroBlaze gcc compiler'
mb-gcc -Wall -O0 -g3 -c -fmessage-length=0 -MT"src/helloworld.o" -I../../SDK_version_bsp/microblaze_0/include -mlittle-endian -mcpu=v9.5 -mxl-soft-mul -Wl,--no-relax -MMD -MP -MF"src/helloworld.d" -MT"src/helloworld.d" -o "src/helloworld.o" "../src/helloworld.c"
'Finished building: ../src/helloworld.c'
' '
'Building target: SDK_version.elf'
'Invoking: MicroBlaze gcc linker'
mb-gcc -Wl,-T -Wl,../src/lscript.ld -L../../SDK_version_bsp/microblaze_0/lib -mlittle-endian -mcpu=v9.5 -mxl-soft-mul -Wl,--no-relax -o "SDK_version.elf"  ./src/helloworld.o ./src/platform.o   -Wl,--start-group,-lxil,-lgcc,-lc,--end-group
'Finished building target: SDK_version.elf'
' '
'Invoking: MicroBlaze Print Size'
mb-size SDK_version.elf  |tee "SDK_version.elf.size"
   text	   data	    bss	    dec	    hex	filename
   3320	    288	   3120	   6728	   1a48	SDK_version.elf
'Finished building: SDK_version.elf.size'
' '
01:53:10 **** Incremental Build of configuration Debug for project SDK_version ****
make all 
make: Nada a ser feito para `all'.
02:23:08 **** Incremental Build of configuration Debug for project SDK_version ****
make all 
'Building file: ../src/platform.c'
'Invoking: MicroBlaze gcc compiler'
mb-gcc -Wall -O0 -g3 -c -fmessage-length=0 -MT"src/platform.o" -I../../SDK_version_bsp/microblaze_0/include -mlittle-endian -mcpu=v9.5 -mxl-soft-mul -Wl,--no-relax -MMD -MP -MF"src/platform.d" -MT"src/platform.d" -o "src/platform.o" "../src/platform.c"
../src/platform.c:34:23: fatal error: xil_cache.h: No such file or directory
 #include "xil_cache.h"
                       ^
compilation terminated.
make: ** [src/platform.o] Erro 1
02:23:48 **** Auto Build of configuration Debug for project SDK_version ****
make all 
'Building file: ../src/helloworld.c'
'Invoking: MicroBlaze gcc compiler'
mb-gcc -Wall -O0 -g3 -c -fmessage-length=0 -MT"src/helloworld.o" -I../../SDK_version_bsp/microblaze_0/include -mlittle-endian -mcpu=v9.5 -mxl-soft-mul -Wl,--no-relax -MMD -MP -MF"src/helloworld.d" -MT"src/helloworld.d" -o "src/helloworld.o" "../src/helloworld.c"
../src/helloworld.c:6:19: fatal error: xgpio.h: No such file or directory
 #include "xgpio.h"
                   ^
compilation terminated.
make: ** [src/helloworld.o] Erro 1
02:25:27 **** Auto Build of configuration Debug for project SDK_version ****
make all 
'Building file: ../src/helloworld.c'
'Invoking: MicroBlaze gcc compiler'
mb-gcc -Wall -O0 -g3 -c -fmessage-length=0 -MT"src/helloworld.o" -I../../SDK_version_bsp/microblaze_0/include -mlittle-endian -mcpu=v9.5 -mxl-soft-mul -Wl,--no-relax -MMD -MP -MF"src/helloworld.d" -MT"src/helloworld.d" -o "src/helloworld.o" "../src/helloworld.c"
../src/helloworld.c:6:19: fatal error: xgpio.h: No such file or directory
 #include "xgpio.h"
                   ^
compilation terminated.
make: ** [src/helloworld.o] Erro 1
02:26:00 **** Auto Build of configuration Debug for project SDK_version ****
make all 
'Building file: ../src/helloworld.c'
'Invoking: MicroBlaze gcc compiler'
mb-gcc -Wall -O0 -g3 -c -fmessage-length=0 -MT"src/helloworld.o" -I../../SDK_version_bsp/microblaze_0/include -mlittle-endian -mcpu=v9.5 -mxl-soft-mul -Wl,--no-relax -MMD -MP -MF"src/helloworld.d" -MT"src/helloworld.d" -o "src/helloworld.o" "../src/helloworld.c"
../src/helloworld.c:6:19: fatal error: xgpio.h: No such file or directory
 #include "xgpio.h"
                   ^
compilation terminated.
make: ** [src/helloworld.o] Erro 1
02:26:25 **** Auto Build of configuration Debug for project SDK_version ****
make all 
'Building file: ../src/helloworld.c'
'Invoking: MicroBlaze gcc compiler'
mb-gcc -Wall -O0 -g3 -c -fmessage-length=0 -MT"src/helloworld.o" -I../../SDK_version_bsp/microblaze_0/include -mlittle-endian -mcpu=v9.5 -mxl-soft-mul -Wl,--no-relax -MMD -MP -MF"src/helloworld.d" -MT"src/helloworld.d" -o "src/helloworld.o" "../src/helloworld.c"
../src/helloworld.c:6:19: fatal error: xgpio.h: No such file or directory
 #include "xgpio.h"
                   ^
compilation terminated.
make: ** [src/helloworld.o] Erro 1
02:26:28 **** Incremental Build of configuration Debug for project SDK_version ****
make all 
'Building file: ../src/helloworld.c'
'Invoking: MicroBlaze gcc compiler'
mb-gcc -Wall -O0 -g3 -c -fmessage-length=0 -MT"src/helloworld.o" -I../../SDK_version_bsp/microblaze_0/include -mlittle-endian -mcpu=v9.5 -mxl-soft-mul -Wl,--no-relax -MMD -MP -MF"src/helloworld.d" -MT"src/helloworld.d" -o "src/helloworld.o" "../src/helloworld.c"
../src/helloworld.c:6:19: fatal error: xgpio.h: No such file or directory
 #include "xgpio.h"
                   ^
compilation terminated.
make: ** [src/helloworld.o] Erro 1
02:26:33 **** Incremental Build of configuration Debug for project SDK_version ****
make all 
'Building file: ../src/helloworld.c'
'Invoking: MicroBlaze gcc compiler'
mb-gcc -Wall -O0 -g3 -c -fmessage-length=0 -MT"src/helloworld.o" -I../../SDK_version_bsp/microblaze_0/include -mlittle-endian -mcpu=v9.5 -mxl-soft-mul -Wl,--no-relax -MMD -MP -MF"src/helloworld.d" -MT"src/helloworld.d" -o "src/helloworld.o" "../src/helloworld.c"
../src/helloworld.c:6:19: fatal error: xgpio.h: No such file or directory
 #include "xgpio.h"
                   ^
compilation terminated.
make: ** [src/helloworld.o] Erro 1
02:27:52 **** Auto Build of configuration Debug for project SDK_version ****
make all 
'Building file: ../src/helloworld.c'
'Invoking: MicroBlaze gcc compiler'
mb-gcc -Wall -O0 -g3 -c -fmessage-length=0 -MT"src/helloworld.o" -I../../SDK_version_bsp/microblaze_0/include -mlittle-endian -mcpu=v9.5 -mxl-soft-mul -Wl,--no-relax -MMD -MP -MF"src/helloworld.d" -MT"src/helloworld.d" -o "src/helloworld.o" "../src/helloworld.c"
../src/helloworld.c:6:19: fatal error: xgpio.h: No such file or directory
 #include "xgpio.h"
                   ^
compilation terminated.
make: ** [src/helloworld.o] Erro 1
02:28:09 **** Incremental Build of configuration Debug for project SDK_version ****
make all 
'Building file: ../src/helloworld.c'
'Invoking: MicroBlaze gcc compiler'
mb-gcc -Wall -O0 -g3 -c -fmessage-length=0 -MT"src/helloworld.o" -I../../SDK_version_bsp/microblaze_0/include -mlittle-endian -mcpu=v9.5 -mxl-soft-mul -Wl,--no-relax -MMD -MP -MF"src/helloworld.d" -MT"src/helloworld.d" -o "src/helloworld.o" "../src/helloworld.c"
../src/helloworld.c:6:19: fatal error: xgpio.h: No such file or directory
 #include "xgpio.h"
                   ^
compilation terminated.
make: ** [src/helloworld.o] Erro 1
02:28:52 **** Auto Build of configuration Debug for project SDK_version ****
make all 
'Building file: ../src/helloworld.c'
'Invoking: MicroBlaze gcc compiler'
mb-gcc -Wall -O0 -g3 -c -fmessage-length=0 -MT"src/helloworld.o" -I../../SDK_version_bsp/microblaze_0/include -mlittle-endian -mcpu=v9.5 -mxl-soft-mul -Wl,--no-relax -MMD -MP -MF"src/helloworld.d" -MT"src/helloworld.d" -o "src/helloworld.o" "../src/helloworld.c"
../src/helloworld.c:6:19: fatal error: xgpio.h: No such file or directory
 #include "xgpio.h"
                   ^
compilation terminated.
make: ** [src/helloworld.o] Erro 1
02:28:57 **** Incremental Build of configuration Debug for project SDK_version ****
make all 
'Building file: ../src/helloworld.c'
'Invoking: MicroBlaze gcc compiler'
mb-gcc -Wall -O0 -g3 -c -fmessage-length=0 -MT"src/helloworld.o" -I../../SDK_version_bsp/microblaze_0/include -mlittle-endian -mcpu=v9.5 -mxl-soft-mul -Wl,--no-relax -MMD -MP -MF"src/helloworld.d" -MT"src/helloworld.d" -o "src/helloworld.o" "../src/helloworld.c"
../src/helloworld.c:6:19: fatal error: xgpio.h: No such file or directory
 #include "xgpio.h"
                   ^
compilation terminated.
make: ** [src/helloworld.o] Erro 1
02:29:57 **** Incremental Build of configuration Debug for project SDK_version ****
make all 
'Building file: ../src/helloworld.c'
'Invoking: MicroBlaze gcc compiler'
mb-gcc -Wall -O0 -g3 -c -fmessage-length=0 -MT"src/helloworld.o" -I../../SDK_version_bsp/microblaze_0/include -mlittle-endian -mcpu=v9.5 -mxl-soft-mul -Wl,--no-relax -MMD -MP -MF"src/helloworld.d" -MT"src/helloworld.d" -o "src/helloworld.o" "../src/helloworld.c"
../src/helloworld.c:6:19: fatal error: xgpio.h: No such file or directory
 #include "xgpio.h"
                   ^
compilation terminated.
make: ** [src/helloworld.o] Erro 1
02:32:36 **** Auto Build of project SDK_version_bsp ****
make -k all 
"Running Make include in microblaze_0/libsrc/bram_v4_0/src"
make -C microblaze_0/libsrc/bram_v4_0/src -s include  "SHELL=CMD" "COMPILER=mb-gcc" "ARCHIVER=mb-ar" "COMPILER_FLAGS= -O2 -c -mcpu=v9.5 -mlittle-endian -mxl-soft-mul" "EXTRA_COMPILER_FLAGS=-g"
"Running Make include in microblaze_0/libsrc/cpu_v2_3/src"
make -C microblaze_0/libsrc/cpu_v2_3/src -s include  "SHELL=CMD" "COMPILER=mb-gcc" "ARCHIVER=mb-ar" "COMPILER_FLAGS= -O2 -c -mcpu=v9.5 -mlittle-endian -mxl-soft-mul" "EXTRA_COMPILER_FLAGS=-g"
"Running Make include in microblaze_0/libsrc/gpio_v4_0/src"
make -C microblaze_0/libsrc/gpio_v4_0/src -s include  "SHELL=CMD" "COMPILER=mb-gcc" "ARCHIVER=mb-ar" "COMPILER_FLAGS= -O2 -c -mcpu=v9.5 -mlittle-endian -mxl-soft-mul" "EXTRA_COMPILER_FLAGS=-g"
"Running Make include in microblaze_0/libsrc/standalone_v5_3/src"
make -C microblaze_0/libsrc/standalone_v5_3/src -s include  "SHELL=CMD" "COMPILER=mb-gcc" "ARCHIVER=mb-ar" "COMPILER_FLAGS= -O2 -c -mcpu=v9.5 -mlittle-endian -mxl-soft-mul" "EXTRA_COMPILER_FLAGS=-g"
"Running Make include in microblaze_0/libsrc/uartlite_v3_1/src"
make -C microblaze_0/libsrc/uartlite_v3_1/src -s include  "SHELL=CMD" "COMPILER=mb-gcc" "ARCHIVER=mb-ar" "COMPILER_FLAGS= -O2 -c -mcpu=v9.5 -mlittle-endian -mxl-soft-mul" "EXTRA_COMPILER_FLAGS=-g"
"Running Make libs in microblaze_0/libsrc/bram_v4_0/src"
make -C microblaze_0/libsrc/bram_v4_0/src -s libs  "SHELL=CMD" "COMPILER=mb-gcc" "ARCHIVER=mb-ar" "COMPILER_FLAGS= -O2 -c -mcpu=v9.5 -mlittle-endian -mxl-soft-mul" "EXTRA_COMPILER_FLAGS=-g"
"Compiling bram"
mb-ar: creating ../../../lib/libxil.a
"Running Make libs in microblaze_0/libsrc/cpu_v2_3/src"
make -C microblaze_0/libsrc/cpu_v2_3/src -s libs  "SHELL=CMD" "COMPILER=mb-gcc" "ARCHIVER=mb-ar" "COMPILER_FLAGS= -O2 -c -mcpu=v9.5 -mlittle-endian -mxl-soft-mul" "EXTRA_COMPILER_FLAGS=-g"
"Compiling cpu"
"Running Make libs in microblaze_0/libsrc/gpio_v4_0/src"
make -C microblaze_0/libsrc/gpio_v4_0/src -s libs  "SHELL=CMD" "COMPILER=mb-gcc" "ARCHIVER=mb-ar" "COMPILER_FLAGS= -O2 -c -mcpu=v9.5 -mlittle-endian -mxl-soft-mul" "EXTRA_COMPILER_FLAGS=-g"
"Compiling gpio"
"Running Make libs in microblaze_0/libsrc/standalone_v5_3/src"
make -C microblaze_0/libsrc/standalone_v5_3/src -s libs  "SHELL=CMD" "COMPILER=mb-gcc" "ARCHIVER=mb-ar" "COMPILER_FLAGS= -O2 -c -mcpu=v9.5 -mlittle-endian -mxl-soft-mul" "EXTRA_COMPILER_FLAGS=-g"
"Compiling standalone";
"Running Make libs in microblaze_0/libsrc/uartlite_v3_1/src"
make -C microblaze_0/libsrc/uartlite_v3_1/src -s libs  "SHELL=CMD" "COMPILER=mb-gcc" "ARCHIVER=mb-ar" "COMPILER_FLAGS= -O2 -c -mcpu=v9.5 -mlittle-endian -mxl-soft-mul" "EXTRA_COMPILER_FLAGS=-g"
"Compiling uartlite"
'Finished building libraries'
02:32:41 **** Auto Build of configuration Debug for project SDK_version ****
make all 
'Building file: ../src/helloworld.c'
'Invoking: MicroBlaze gcc compiler'
mb-gcc -Wall -O0 -g3 -c -fmessage-length=0 -MT"src/helloworld.o" -I../../SDK_version_bsp/microblaze_0/include -mlittle-endian -mcpu=v9.5 -mxl-soft-mul -Wl,--no-relax -MMD -MP -MF"src/helloworld.d" -MT"src/helloworld.d" -o "src/helloworld.o" "../src/helloworld.c"
../src/helloworld.c: In function 'main':
../src/helloworld.c:35:5: warning: implicit declaration of function 'output' [-Wimplicit-function-declaration]
     output(c);
     ^
../src/helloworld.c:28:9: warning: variable 'input' set but not used [-Wunused-but-set-variable]
     u32 input;
         ^
'Finished building: ../src/helloworld.c'
' '
'Building file: ../src/platform.c'
'Invoking: MicroBlaze gcc compiler'
mb-gcc -Wall -O0 -g3 -c -fmessage-length=0 -MT"src/platform.o" -I../../SDK_version_bsp/microblaze_0/include -mlittle-endian -mcpu=v9.5 -mxl-soft-mul -Wl,--no-relax -MMD -MP -MF"src/platform.d" -MT"src/platform.d" -o "src/platform.o" "../src/platform.c"
'Finished building: ../src/platform.c'
' '
'Building target: SDK_version.elf'
'Invoking: MicroBlaze gcc linker'
mb-gcc -Wl,-T -Wl,../src/lscript.ld -L../../SDK_version_bsp/microblaze_0/lib -mlittle-endian -mcpu=v9.5 -mxl-soft-mul -Wl,--no-relax -o "SDK_version.elf"  ./src/helloworld.o ./src/platform.o   -Wl,--start-group,-lxil,-lgcc,-lc,--end-group
./src/helloworld.o: In function `main':
D:\ECT-UA\CR\tarefa19_1\SoftVersion\SoftVersion.sdk\SDK_version\Debug/../src/helloworld.c:35: undefined reference to `output'
collect2.exe: error: ld returned 1 exit status
make: ** [SDK_version.elf] Erro 1
02:33:01 **** Auto Build of configuration Debug for project SDK_version ****
make all 
'Building file: ../src/helloworld.c'
'Invoking: MicroBlaze gcc compiler'
mb-gcc -Wall -O0 -g3 -c -fmessage-length=0 -MT"src/helloworld.o" -I../../SDK_version_bsp/microblaze_0/include -mlittle-endian -mcpu=v9.5 -mxl-soft-mul -Wl,--no-relax -MMD -MP -MF"src/helloworld.d" -MT"src/helloworld.d" -o "src/helloworld.o" "../src/helloworld.c"
../src/helloworld.c: In function 'main':
../src/helloworld.c:28:9: warning: variable 'input' set but not used [-Wunused-but-set-variable]
     u32 input;
         ^
'Finished building: ../src/helloworld.c'
' '
'Building target: SDK_version.elf'
'Invoking: MicroBlaze gcc linker'
mb-gcc -Wl,-T -Wl,../src/lscript.ld -L../../SDK_version_bsp/microblaze_0/lib -mlittle-endian -mcpu=v9.5 -mxl-soft-mul -Wl,--no-relax -o "SDK_version.elf"  ./src/helloworld.o ./src/platform.o   -Wl,--start-group,-lxil,-lgcc,-lc,--end-group
'Finished building target: SDK_version.elf'
' '
'Invoking: MicroBlaze Print Size'
mb-size SDK_version.elf  |tee "SDK_version.elf.size"
   text	   data	    bss	    dec	    hex	filename
   4692	    288	   3156	   8136	   1fc8	SDK_version.elf
'Finished building: SDK_version.elf.size'
' '
02:35:00 **** Auto Build of configuration Debug for project SDK_version ****
make all 
'Building file: ../src/helloworld.c'
'Invoking: MicroBlaze gcc compiler'
mb-gcc -Wall -O0 -g3 -c -fmessage-length=0 -MT"src/helloworld.o" -I../../SDK_version_bsp/microblaze_0/include -mlittle-endian -mcpu=v9.5 -mxl-soft-mul -Wl,--no-relax -MMD -MP -MF"src/helloworld.d" -MT"src/helloworld.d" -o "src/helloworld.o" "../src/helloworld.c"
../src/helloworld.c: In function 'main':
../src/helloworld.c:36:11: warning: passing argument 1 of 'print' makes pointer from integer without a cast
     print(input);
           ^
In file included from c:\xilinx\sdk\2015.4\gnu\microblaze\nt\microblaze-xilinx-elf\include\stdio.h:29:0,
                 from ../src/helloworld.c:2:
c:\xilinx\sdk\2015.4\gnu\microblaze\nt\microblaze-xilinx-elf\include\stdio.h:223:9: note: expected 'char *' but argument is of type 'u32'
 void    _EXFUN(print, (char* ));
         ^
'Finished building: ../src/helloworld.c'
' '
'Building target: SDK_version.elf'
'Invoking: MicroBlaze gcc linker'
mb-gcc -Wl,-T -Wl,../src/lscript.ld -L../../SDK_version_bsp/microblaze_0/lib -mlittle-endian -mcpu=v9.5 -mxl-soft-mul -Wl,--no-relax -o "SDK_version.elf"  ./src/helloworld.o ./src/platform.o   -Wl,--start-group,-lxil,-lgcc,-lc,--end-group
'Finished building target: SDK_version.elf'
' '
'Invoking: MicroBlaze Print Size'
mb-size SDK_version.elf  |tee "SDK_version.elf.size"
   text	   data	    bss	    dec	    hex	filename
   4712	    288	   3152	   8152	   1fd8	SDK_version.elf
'Finished building: SDK_version.elf.size'
' '
02:35:09 **** Auto Build of configuration Debug for project SDK_version ****
make all 
'Building file: ../src/helloworld.c'
'Invoking: MicroBlaze gcc compiler'
mb-gcc -Wall -O0 -g3 -c -fmessage-length=0 -MT"src/helloworld.o" -I../../SDK_version_bsp/microblaze_0/include -mlittle-endian -mcpu=v9.5 -mxl-soft-mul -Wl,--no-relax -MMD -MP -MF"src/helloworld.d" -MT"src/helloworld.d" -o "src/helloworld.o" "../src/helloworld.c"
../src/helloworld.c: In function 'main':
../src/helloworld.c:36:11: warning: passing argument 1 of 'print' makes pointer from integer without a cast
     print(input);
           ^
In file included from c:\xilinx\sdk\2015.4\gnu\microblaze\nt\microblaze-xilinx-elf\include\stdio.h:29:0,
                 from ../src/helloworld.c:2:
c:\xilinx\sdk\2015.4\gnu\microblaze\nt\microblaze-xilinx-elf\include\stdio.h:223:9: note: expected 'char *' but argument is of type 'u32'
 void    _EXFUN(print, (char* ));
         ^
'Finished building: ../src/helloworld.c'
' '
'Building target: SDK_version.elf'
'Invoking: MicroBlaze gcc linker'
mb-gcc -Wl,-T -Wl,../src/lscript.ld -L../../SDK_version_bsp/microblaze_0/lib -mlittle-endian -mcpu=v9.5 -mxl-soft-mul -Wl,--no-relax -o "SDK_version.elf"  ./src/helloworld.o ./src/platform.o   -Wl,--start-group,-lxil,-lgcc,-lc,--end-group
'Finished building target: SDK_version.elf'
' '
'Invoking: MicroBlaze Print Size'
mb-size SDK_version.elf  |tee "SDK_version.elf.size"
   text	   data	    bss	    dec	    hex	filename
   4712	    288	   3152	   8152	   1fd8	SDK_version.elf
'Finished building: SDK_version.elf.size'
' '
02:35:12 **** Incremental Build of configuration Debug for project SDK_version ****
make all 
make: Nada a ser feito para `all'.
02:35:21 **** Incremental Build of configuration Debug for project SDK_version ****
make all 
make: Nada a ser feito para `all'.
02:36:56 **** Auto Build of configuration Debug for project SDK_version ****
make all 
'Building file: ../src/helloworld.c'
'Invoking: MicroBlaze gcc compiler'
mb-gcc -Wall -O0 -g3 -c -fmessage-length=0 -MT"src/helloworld.o" -I../../SDK_version_bsp/microblaze_0/include -mlittle-endian -mcpu=v9.5 -mxl-soft-mul -Wl,--no-relax -MMD -MP -MF"src/helloworld.d" -MT"src/helloworld.d" -o "src/helloworld.o" "../src/helloworld.c"
'Finished building: ../src/helloworld.c'
' '
'Building target: SDK_version.elf'
'Invoking: MicroBlaze gcc linker'
mb-gcc -Wl,-T -Wl,../src/lscript.ld -L../../SDK_version_bsp/microblaze_0/lib -mlittle-endian -mcpu=v9.5 -mxl-soft-mul -Wl,--no-relax -o "SDK_version.elf"  ./src/helloworld.o ./src/platform.o   -Wl,--start-group,-lxil,-lgcc,-lc,--end-group
'Finished building target: SDK_version.elf'
' '
'Invoking: MicroBlaze Print Size'
mb-size SDK_version.elf  |tee "SDK_version.elf.size"
   text	   data	    bss	    dec	    hex	filename
   4528	    288	   3152	   7968	   1f20	SDK_version.elf
'Finished building: SDK_version.elf.size'
' '
02:37:33 **** Auto Build of configuration Debug for project SDK_version ****
make all 
'Building file: ../src/helloworld.c'
'Invoking: MicroBlaze gcc compiler'
mb-gcc -Wall -O0 -g3 -c -fmessage-length=0 -MT"src/helloworld.o" -I../../SDK_version_bsp/microblaze_0/include -mlittle-endian -mcpu=v9.5 -mxl-soft-mul -Wl,--no-relax -MMD -MP -MF"src/helloworld.d" -MT"src/helloworld.d" -o "src/helloworld.o" "../src/helloworld.c"
../src/helloworld.c: In function 'main':
../src/helloworld.c:43:18: warning: unused variable 'my_array' [-Wunused-variable]
     unsigned int my_array[] = {0,1,2,3,4,5,6,7,8,9,10,11,12,13,14,15,16,17,18,19,20,21,22,23,24,25,26,27,28,29,30,31,32,33,34,35, // 0 - 35
                  ^
'Finished building: ../src/helloworld.c'
' '
'Building target: SDK_version.elf'
'Invoking: MicroBlaze gcc linker'
mb-gcc -Wl,-T -Wl,../src/lscript.ld -L../../SDK_version_bsp/microblaze_0/lib -mlittle-endian -mcpu=v9.5 -mxl-soft-mul -Wl,--no-relax -o "SDK_version.elf"  ./src/helloworld.o ./src/platform.o   -Wl,--start-group,-lxil,-lgcc,-lc,--end-group
'Finished building target: SDK_version.elf'
' '
'Invoking: MicroBlaze Print Size'
mb-size SDK_version.elf  |tee "SDK_version.elf.size"
   text	   data	    bss	    dec	    hex	filename
   6000	    288	   3152	   9440	   24e0	SDK_version.elf
'Finished building: SDK_version.elf.size'
' '
02:38:30 **** Auto Build of configuration Debug for project SDK_version ****
make all 
'Building file: ../src/helloworld.c'
'Invoking: MicroBlaze gcc compiler'
mb-gcc -Wall -O0 -g3 -c -fmessage-length=0 -MT"src/helloworld.o" -I../../SDK_version_bsp/microblaze_0/include -mlittle-endian -mcpu=v9.5 -mxl-soft-mul -Wl,--no-relax -MMD -MP -MF"src/helloworld.d" -MT"src/helloworld.d" -o "src/helloworld.o" "../src/helloworld.c"
../src/helloworld.c: In function 'main':
../src/helloworld.c:58:9: error: 'i' undeclared (first use in this function)
     for(i=0;i<size;i++) // to fill in embedded memory with the my_array values
         ^
../src/helloworld.c:58:9: note: each undeclared identifier is reported only once for each function it appears in
../src/helloworld.c:59:7: error: 'value' undeclared (first use in this function)
     { value = 0xe0000000 | (i<<16) | my_array[i];
       ^
../src/helloworld.c:23:18: warning: variable 'my_array' set but not used [-Wunused-but-set-variable]
     unsigned int my_array[] = {0,1,2,3,4,5,6,7,8,9,10,11,12,13,14,15,16,17,18,19,20,21,22,23,24,25,26,27,28,29,30,31,32,33,34,35, // 0 - 35
                  ^
make: ** [src/helloworld.o] Erro 1
02:39:02 **** Auto Build of configuration Debug for project SDK_version ****
make all 
'Building file: ../src/helloworld.c'
'Invoking: MicroBlaze gcc compiler'
mb-gcc -Wall -O0 -g3 -c -fmessage-length=0 -MT"src/helloworld.o" -I../../SDK_version_bsp/microblaze_0/include -mlittle-endian -mcpu=v9.5 -mxl-soft-mul -Wl,--no-relax -MMD -MP -MF"src/helloworld.d" -MT"src/helloworld.d" -o "src/helloworld.o" "../src/helloworld.c"
../src/helloworld.c: In function 'main':
../src/helloworld.c:59:9: error: 'i' undeclared (first use in this function)
     for(i=0;i<size;i++) // to fill in embedded memory with the my_array values
         ^
../src/helloworld.c:59:9: note: each undeclared identifier is reported only once for each function it appears in
../src/helloworld.c:24:18: warning: variable 'my_array' set but not used [-Wunused-but-set-variable]
     unsigned int my_array[] = {0,1,2,3,4,5,6,7,8,9,10,11,12,13,14,15,16,17,18,19,20,21,22,23,24,25,26,27,28,29,30,31,32,33,34,35, // 0 - 35
                  ^
make: ** [src/helloworld.o] Erro 1
02:39:29 **** Auto Build of configuration Debug for project SDK_version ****
make all 
'Building file: ../src/helloworld.c'
'Invoking: MicroBlaze gcc compiler'
mb-gcc -Wall -O0 -g3 -c -fmessage-length=0 -MT"src/helloworld.o" -I../../SDK_version_bsp/microblaze_0/include -mlittle-endian -mcpu=v9.5 -mxl-soft-mul -Wl,--no-relax -MMD -MP -MF"src/helloworld.d" -MT"src/helloworld.d" -o "src/helloworld.o" "../src/helloworld.c"
'Finished building: ../src/helloworld.c'
' '
'Building target: SDK_version.elf'
'Invoking: MicroBlaze gcc linker'
mb-gcc -Wl,-T -Wl,../src/lscript.ld -L../../SDK_version_bsp/microblaze_0/lib -mlittle-endian -mcpu=v9.5 -mxl-soft-mul -Wl,--no-relax -o "SDK_version.elf"  ./src/helloworld.o ./src/platform.o   -Wl,--start-group,-lxil,-lgcc,-lc,--end-group
'Finished building target: SDK_version.elf'
' '
'Invoking: MicroBlaze Print Size'
mb-size SDK_version.elf  |tee "SDK_version.elf.size"
   text	   data	    bss	    dec	    hex	filename
   6184	    288	   3152	   9624	   2598	SDK_version.elf
'Finished building: SDK_version.elf.size'
' '
02:40:02 **** Auto Build of configuration Debug for project SDK_version ****
make all 
'Building file: ../src/helloworld.c'
'Invoking: MicroBlaze gcc compiler'
mb-gcc -Wall -O0 -g3 -c -fmessage-length=0 -MT"src/helloworld.o" -I../../SDK_version_bsp/microblaze_0/include -mlittle-endian -mcpu=v9.5 -mxl-soft-mul -Wl,--no-relax -MMD -MP -MF"src/helloworld.d" -MT"src/helloworld.d" -o "src/helloworld.o" "../src/helloworld.c"
'Finished building: ../src/helloworld.c'
' '
'Building target: SDK_version.elf'
'Invoking: MicroBlaze gcc linker'
mb-gcc -Wl,-T -Wl,../src/lscript.ld -L../../SDK_version_bsp/microblaze_0/lib -mlittle-endian -mcpu=v9.5 -mxl-soft-mul -Wl,--no-relax -o "SDK_version.elf"  ./src/helloworld.o ./src/platform.o   -Wl,--start-group,-lxil,-lgcc,-lc,--end-group
'Finished building target: SDK_version.elf'
' '
'Invoking: MicroBlaze Print Size'
mb-size SDK_version.elf  |tee "SDK_version.elf.size"
   text	   data	    bss	    dec	    hex	filename
   5876	    288	   3156	   9320	   2468	SDK_version.elf
'Finished building: SDK_version.elf.size'
' '
02:40:07 **** Incremental Build of configuration Debug for project SDK_version ****
make all 
make: Nada a ser feito para `all'.
02:42:09 **** Auto Build of configuration Debug for project SDK_version ****
make all 
'Building file: ../src/helloworld.c'
'Invoking: MicroBlaze gcc compiler'
mb-gcc -Wall -O0 -g3 -c -fmessage-length=0 -MT"src/helloworld.o" -I../../SDK_version_bsp/microblaze_0/include -mlittle-endian -mcpu=v9.5 -mxl-soft-mul -Wl,--no-relax -MMD -MP -MF"src/helloworld.d" -MT"src/helloworld.d" -o "src/helloworld.o" "../src/helloworld.c"
../src/helloworld.c: In function 'main':
../src/helloworld.c:61:12: warning: passing argument 1 of 'print' makes pointer from integer without a cast
      print(i);
            ^
In file included from c:\xilinx\sdk\2015.4\gnu\microblaze\nt\microblaze-xilinx-elf\include\stdio.h:29:0,
                 from ../src/helloworld.c:2:
c:\xilinx\sdk\2015.4\gnu\microblaze\nt\microblaze-xilinx-elf\include\stdio.h:223:9: note: expected 'char *' but argument is of type 'int'
 void    _EXFUN(print, (char* ));
         ^
'Finished building: ../src/helloworld.c'
' '
'Building target: SDK_version.elf'
'Invoking: MicroBlaze gcc linker'
mb-gcc -Wl,-T -Wl,../src/lscript.ld -L../../SDK_version_bsp/microblaze_0/lib -mlittle-endian -mcpu=v9.5 -mxl-soft-mul -Wl,--no-relax -o "SDK_version.elf"  ./src/helloworld.o ./src/platform.o   -Wl,--start-group,-lxil,-lgcc,-lc,--end-group
'Finished building target: SDK_version.elf'
' '
'Invoking: MicroBlaze Print Size'
mb-size SDK_version.elf  |tee "SDK_version.elf.size"
   text	   data	    bss	    dec	    hex	filename
   5896	    288	   3152	   9336	   2478	SDK_version.elf
'Finished building: SDK_version.elf.size'
' '
02:42:18 **** Auto Build of configuration Debug for project SDK_version ****
make all 
'Building file: ../src/helloworld.c'
'Invoking: MicroBlaze gcc compiler'
mb-gcc -Wall -O0 -g3 -c -fmessage-length=0 -MT"src/helloworld.o" -I../../SDK_version_bsp/microblaze_0/include -mlittle-endian -mcpu=v9.5 -mxl-soft-mul -Wl,--no-relax -MMD -MP -MF"src/helloworld.d" -MT"src/helloworld.d" -o "src/helloworld.o" "../src/helloworld.c"
'Finished building: ../src/helloworld.c'
' '
'Building target: SDK_version.elf'
'Invoking: MicroBlaze gcc linker'
mb-gcc -Wl,-T -Wl,../src/lscript.ld -L../../SDK_version_bsp/microblaze_0/lib -mlittle-endian -mcpu=v9.5 -mxl-soft-mul -Wl,--no-relax -o "SDK_version.elf"  ./src/helloworld.o ./src/platform.o   -Wl,--start-group,-lxil,-lgcc,-lc,--end-group
'Finished building target: SDK_version.elf'
' '
'Invoking: MicroBlaze Print Size'
mb-size SDK_version.elf  |tee "SDK_version.elf.size"
   text	   data	    bss	    dec	    hex	filename
   5912	    288	   3152	   9352	   2488	SDK_version.elf
'Finished building: SDK_version.elf.size'
' '
02:42:26 **** Incremental Build of configuration Debug for project SDK_version ****
make all 
make: Nada a ser feito para `all'.
02:42:41 **** Auto Build of configuration Debug for project SDK_version ****
make all 
'Building file: ../src/helloworld.c'
'Invoking: MicroBlaze gcc compiler'
mb-gcc -Wall -O0 -g3 -c -fmessage-length=0 -MT"src/helloworld.o" -I../../SDK_version_bsp/microblaze_0/include -mlittle-endian -mcpu=v9.5 -mxl-soft-mul -Wl,--no-relax -MMD -MP -MF"src/helloworld.d" -MT"src/helloworld.d" -o "src/helloworld.o" "../src/helloworld.c"
'Finished building: ../src/helloworld.c'
' '
'Building target: SDK_version.elf'
'Invoking: MicroBlaze gcc linker'
mb-gcc -Wl,-T -Wl,../src/lscript.ld -L../../SDK_version_bsp/microblaze_0/lib -mlittle-endian -mcpu=v9.5 -mxl-soft-mul -Wl,--no-relax -o "SDK_version.elf"  ./src/helloworld.o ./src/platform.o   -Wl,--start-group,-lxil,-lgcc,-lc,--end-group
'Finished building target: SDK_version.elf'
' '
'Invoking: MicroBlaze Print Size'
mb-size SDK_version.elf  |tee "SDK_version.elf.size"
   text	   data	    bss	    dec	    hex	filename
   5904	    288	   3152	   9344	   2480	SDK_version.elf
'Finished building: SDK_version.elf.size'
' '
02:42:44 **** Incremental Build of configuration Debug for project SDK_version ****
make all 
make: Nada a ser feito para `all'.
02:42:53 **** Incremental Build of configuration Debug for project SDK_version ****
make all 
make: Nada a ser feito para `all'.
02:43:10 **** Incremental Build of configuration Debug for project SDK_version ****
make all 
make: Nada a ser feito para `all'.
02:47:21 **** Auto Build of configuration Debug for project SDK_version ****
make all 
'Building file: ../src/helloworld.c'
'Invoking: MicroBlaze gcc compiler'
mb-gcc -Wall -O0 -g3 -c -fmessage-length=0 -MT"src/helloworld.o" -I../../SDK_version_bsp/microblaze_0/include -mlittle-endian -mcpu=v9.5 -mxl-soft-mul -Wl,--no-relax -MMD -MP -MF"src/helloworld.d" -MT"src/helloworld.d" -o "src/helloworld.o" "../src/helloworld.c"
'Finished building: ../src/helloworld.c'
' '
'Building target: SDK_version.elf'
'Invoking: MicroBlaze gcc linker'
mb-gcc -Wl,-T -Wl,../src/lscript.ld -L../../SDK_version_bsp/microblaze_0/lib -mlittle-endian -mcpu=v9.5 -mxl-soft-mul -Wl,--no-relax -o "SDK_version.elf"  ./src/helloworld.o ./src/platform.o   -Wl,--start-group,-lxil,-lgcc,-lc,--end-group
'Finished building target: SDK_version.elf'
' '
'Invoking: MicroBlaze Print Size'
mb-size SDK_version.elf  |tee "SDK_version.elf.size"
   text	   data	    bss	    dec	    hex	filename
   5904	    288	   3152	   9344	   2480	SDK_version.elf
'Finished building: SDK_version.elf.size'
' '
02:47:27 **** Auto Build of configuration Debug for project SDK_version ****
make all 
'Building file: ../src/helloworld.c'
'Invoking: MicroBlaze gcc compiler'
mb-gcc -Wall -O0 -g3 -c -fmessage-length=0 -MT"src/helloworld.o" -I../../SDK_version_bsp/microblaze_0/include -mlittle-endian -mcpu=v9.5 -mxl-soft-mul -Wl,--no-relax -MMD -MP -MF"src/helloworld.d" -MT"src/helloworld.d" -o "src/helloworld.o" "../src/helloworld.c"
'Finished building: ../src/helloworld.c'
' '
'Building target: SDK_version.elf'
'Invoking: MicroBlaze gcc linker'
mb-gcc -Wl,-T -Wl,../src/lscript.ld -L../../SDK_version_bsp/microblaze_0/lib -mlittle-endian -mcpu=v9.5 -mxl-soft-mul -Wl,--no-relax -o "SDK_version.elf"  ./src/helloworld.o ./src/platform.o   -Wl,--start-group,-lxil,-lgcc,-lc,--end-group
'Finished building target: SDK_version.elf'
' '
'Invoking: MicroBlaze Print Size'
mb-size SDK_version.elf  |tee "SDK_version.elf.size"
   text	   data	    bss	    dec	    hex	filename
   5924	    288	   3156	   9368	   2498	SDK_version.elf
'Finished building: SDK_version.elf.size'
' '
02:47:43 **** Incremental Build of configuration Debug for project SDK_version ****
make all 
make: Nada a ser feito para `all'.
02:47:56 **** Incremental Build of configuration Debug for project SDK_version ****
make all 
make: Nada a ser feito para `all'.
02:48:18 **** Auto Build of configuration Debug for project SDK_version ****
make all 
'Building file: ../src/helloworld.c'
'Invoking: MicroBlaze gcc compiler'
mb-gcc -Wall -O0 -g3 -c -fmessage-length=0 -MT"src/helloworld.o" -I../../SDK_version_bsp/microblaze_0/include -mlittle-endian -mcpu=v9.5 -mxl-soft-mul -Wl,--no-relax -MMD -MP -MF"src/helloworld.d" -MT"src/helloworld.d" -o "src/helloworld.o" "../src/helloworld.c"
'Finished building: ../src/helloworld.c'
' '
'Building target: SDK_version.elf'
'Invoking: MicroBlaze gcc linker'
mb-gcc -Wl,-T -Wl,../src/lscript.ld -L../../SDK_version_bsp/microblaze_0/lib -mlittle-endian -mcpu=v9.5 -mxl-soft-mul -Wl,--no-relax -o "SDK_version.elf"  ./src/helloworld.o ./src/platform.o   -Wl,--start-group,-lxil,-lgcc,-lc,--end-group
'Finished building target: SDK_version.elf'
' '
'Invoking: MicroBlaze Print Size'
mb-size SDK_version.elf  |tee "SDK_version.elf.size"
   text	   data	    bss	    dec	    hex	filename
   5924	    288	   3156	   9368	   2498	SDK_version.elf
'Finished building: SDK_version.elf.size'
' '
02:48:20 **** Incremental Build of configuration Debug for project SDK_version ****
make all 
make: Nada a ser feito para `all'.
02:49:10 **** Auto Build of configuration Debug for project SDK_version ****
make all 
'Building file: ../src/helloworld.c'
'Invoking: MicroBlaze gcc compiler'
mb-gcc -Wall -O0 -g3 -c -fmessage-length=0 -MT"src/helloworld.o" -I../../SDK_version_bsp/microblaze_0/include -mlittle-endian -mcpu=v9.5 -mxl-soft-mul -Wl,--no-relax -MMD -MP -MF"src/helloworld.d" -MT"src/helloworld.d" -o "src/helloworld.o" "../src/helloworld.c"
'Finished building: ../src/helloworld.c'
' '
'Building target: SDK_version.elf'
'Invoking: MicroBlaze gcc linker'
mb-gcc -Wl,-T -Wl,../src/lscript.ld -L../../SDK_version_bsp/microblaze_0/lib -mlittle-endian -mcpu=v9.5 -mxl-soft-mul -Wl,--no-relax -o "SDK_version.elf"  ./src/helloworld.o ./src/platform.o   -Wl,--start-group,-lxil,-lgcc,-lc,--end-group
'Finished building target: SDK_version.elf'
' '
'Invoking: MicroBlaze Print Size'
mb-size SDK_version.elf  |tee "SDK_version.elf.size"
   text	   data	    bss	    dec	    hex	filename
   5924	    288	   3156	   9368	   2498	SDK_version.elf
'Finished building: SDK_version.elf.size'
' '
02:50:02 **** Auto Build of configuration Debug for project SDK_version ****
make all 
'Building file: ../src/helloworld.c'
'Invoking: MicroBlaze gcc compiler'
mb-gcc -Wall -O0 -g3 -c -fmessage-length=0 -MT"src/helloworld.o" -I../../SDK_version_bsp/microblaze_0/include -mlittle-endian -mcpu=v9.5 -mxl-soft-mul -Wl,--no-relax -MMD -MP -MF"src/helloworld.d" -MT"src/helloworld.d" -o "src/helloworld.o" "../src/helloworld.c"
'Finished building: ../src/helloworld.c'
' '
'Building target: SDK_version.elf'
'Invoking: MicroBlaze gcc linker'
mb-gcc -Wl,-T -Wl,../src/lscript.ld -L../../SDK_version_bsp/microblaze_0/lib -mlittle-endian -mcpu=v9.5 -mxl-soft-mul -Wl,--no-relax -o "SDK_version.elf"  ./src/helloworld.o ./src/platform.o   -Wl,--start-group,-lxil,-lgcc,-lc,--end-group
'Finished building target: SDK_version.elf'
' '
'Invoking: MicroBlaze Print Size'
mb-size SDK_version.elf  |tee "SDK_version.elf.size"
   text	   data	    bss	    dec	    hex	filename
   5924	    288	   3156	   9368	   2498	SDK_version.elf
'Finished building: SDK_version.elf.size'
' '
02:50:26 **** Auto Build of configuration Debug for project SDK_version ****
make all 
'Building file: ../src/helloworld.c'
'Invoking: MicroBlaze gcc compiler'
mb-gcc -Wall -O0 -g3 -c -fmessage-length=0 -MT"src/helloworld.o" -I../../SDK_version_bsp/microblaze_0/include -mlittle-endian -mcpu=v9.5 -mxl-soft-mul -Wl,--no-relax -MMD -MP -MF"src/helloworld.d" -MT"src/helloworld.d" -o "src/helloworld.o" "../src/helloworld.c"
'Finished building: ../src/helloworld.c'
' '
'Building target: SDK_version.elf'
'Invoking: MicroBlaze gcc linker'
mb-gcc -Wl,-T -Wl,../src/lscript.ld -L../../SDK_version_bsp/microblaze_0/lib -mlittle-endian -mcpu=v9.5 -mxl-soft-mul -Wl,--no-relax -o "SDK_version.elf"  ./src/helloworld.o ./src/platform.o   -Wl,--start-group,-lxil,-lgcc,-lc,--end-group
'Finished building target: SDK_version.elf'
' '
'Invoking: MicroBlaze Print Size'
mb-size SDK_version.elf  |tee "SDK_version.elf.size"
   text	   data	    bss	    dec	    hex	filename
   5984	    288	   3152	   9424	   24d0	SDK_version.elf
'Finished building: SDK_version.elf.size'
' '
02:50:31 **** Incremental Build of configuration Debug for project SDK_version ****
make all 
make: Nada a ser feito para `all'.
02:50:53 **** Incremental Build of configuration Debug for project SDK_version ****
make all 
make: Nada a ser feito para `all'.
02:54:16 **** Auto Build of configuration Debug for project SDK_version ****
make all 
'Building file: ../src/helloworld.c'
'Invoking: MicroBlaze gcc compiler'
mb-gcc -Wall -O0 -g3 -c -fmessage-length=0 -MT"src/helloworld.o" -I../../SDK_version_bsp/microblaze_0/include -mlittle-endian -mcpu=v9.5 -mxl-soft-mul -Wl,--no-relax -MMD -MP -MF"src/helloworld.d" -MT"src/helloworld.d" -o "src/helloworld.o" "../src/helloworld.c"
../src/helloworld.c: In function 'main':
../src/helloworld.c:27:33: error: invalid suffix "BD0" on integer constant
     unsigned int my_array[] = { 15BD0, 95A51, 065A2, 24313, 6BFE4, 01115, 31086, 0A027,
                                 ^
../src/helloworld.c:27:40: error: invalid suffix "A51" on integer constant
     unsigned int my_array[] = { 15BD0, 95A51, 065A2, 24313, 6BFE4, 01115, 31086, 0A027,
                                        ^
../src/helloworld.c:27:47: error: invalid suffix "A2" on integer constant
     unsigned int my_array[] = { 15BD0, 95A51, 065A2, 24313, 6BFE4, 01115, 31086, 0A027,
                                               ^
../src/helloworld.c:27:61: error: invalid suffix "BFE4" on integer constant
     unsigned int my_array[] = { 15BD0, 95A51, 065A2, 24313, 6BFE4, 01115, 31086, 0A027,
                                                             ^
../src/helloworld.c:27:82: error: invalid suffix "A027" on integer constant
     unsigned int my_array[] = { 15BD0, 95A51, 065A2, 24313, 6BFE4, 01115, 31086, 0A027,
                                                                                  ^
../src/helloworld.c:28:7: error: 'AAA08' undeclared (first use in this function)
       AAA08, FFF69, AAF7A, 981CB, 23f3C, 450FD, F504E, FF49F};
       ^
../src/helloworld.c:28:7: note: each undeclared identifier is reported only once for each function it appears in
../src/helloworld.c:28:14: error: 'FFF69' undeclared (first use in this function)
       AAA08, FFF69, AAF7A, 981CB, 23f3C, 450FD, F504E, FF49F};
              ^
../src/helloworld.c:28:21: error: 'AAF7A' undeclared (first use in this function)
       AAA08, FFF69, AAF7A, 981CB, 23f3C, 450FD, F504E, FF49F};
                     ^
../src/helloworld.c:28:28: error: invalid suffix "CB" on integer constant
       AAA08, FFF69, AAF7A, 981CB, 23f3C, 450FD, F504E, FF49F};
                            ^
../src/helloworld.c:28:35: error: invalid suffix "f3C" on integer constant
       AAA08, FFF69, AAF7A, 981CB, 23f3C, 450FD, F504E, FF49F};
                                   ^
../src/helloworld.c:28:42: error: invalid suffix "FD" on integer constant
       AAA08, FFF69, AAF7A, 981CB, 23f3C, 450FD, F504E, FF49F};
                                          ^
../src/helloworld.c:28:49: error: 'F504E' undeclared (first use in this function)
       AAA08, FFF69, AAF7A, 981CB, 23f3C, 450FD, F504E, FF49F};
                                                 ^
../src/helloworld.c:28:56: error: 'FF49F' undeclared (first use in this function)
       AAA08, FFF69, AAF7A, 981CB, 23f3C, 450FD, F504E, FF49F};
                                                        ^
../src/helloworld.c:27:18: warning: unused variable 'my_array' [-Wunused-variable]
     unsigned int my_array[] = { 15BD0, 95A51, 065A2, 24313, 6BFE4, 01115, 31086, 0A027,
                  ^
../src/helloworld.c:24:9: warning: unused variable 'i' [-Wunused-variable]
     int i;
         ^
../src/helloworld.c:23:18: warning: unused variable 'value' [-Wunused-variable]
     unsigned int value=0;
                  ^
../src/helloworld.c: At top level:
../src/helloworld.c:33:16: error: expected '=', ',', ';', 'asm' or '__attribute__' before '.' token
     GPIO_0_conf.BaseAddress = XPAR_AXI_GPIO_0_BASEADDR;
                ^
../src/helloworld.c:34:16: error: expected '=', ',', ';', 'asm' or '__attribute__' before '.' token
     GPIO_0_conf.DeviceId = XPAR_GPIO_0_DEVICE_ID;
                ^
../src/helloworld.c:35:16: error: expected '=', ',', ';', 'asm' or '__attribute__' before '.' token
     GPIO_0_conf.InterruptPresent = XPAR_GPIO_0_INTERRUPT_PRESENT;
                ^
../src/helloworld.c:36:16: error: expected '=', ',', ';', 'asm' or '__attribute__' before '.' token
     GPIO_0_conf.IsDual = XPAR_GPIO_0_IS_DUAL;
                ^
../src/helloworld.c:38:25: error: expected declaration specifiers or '...' before '&' token
     XGpio_CfgInitialize(&GPIO_0, &GPIO_0_conf, GPIO_0_conf.BaseAddress);
                         ^
../src/helloworld.c:38:34: error: expected declaration specifiers or '...' before '&' token
     XGpio_CfgInitialize(&GPIO_0, &GPIO_0_conf, GPIO_0_conf.BaseAddress);
                                  ^
../src/helloworld.c:38:48: error: expected declaration specifiers or '...' before 'GPIO_0_conf'
     XGpio_CfgInitialize(&GPIO_0, &GPIO_0_conf, GPIO_0_conf.BaseAddress);
                                                ^
../src/helloworld.c:41:5: warning: data definition has no type or storage class
     init_platform();
     ^
../src/helloworld.c:41:5: warning: type defaults to 'int' in declaration of 'init_platform' [-Wimplicit-int]
../src/helloworld.c:41:5: error: conflicting types for 'init_platform'
In file included from ../src/helloworld.c:3:0:
../src/platform.h:38:6: note: previous declaration of 'init_platform' was here
 void init_platform();
      ^
../src/helloworld.c:42:11: error: expected declaration specifiers or '...' before string constant
     print("Example of interactions with Nexys-4 switches and leds\n\r");
           ^
../src/helloworld.c:46:5: error: expected identifier or '(' before 'for'
     for(i=0;i<size;i++) // to fill in embedded memory with the my_array values
     ^
../src/helloworld.c:46:14: error: expected '=', ',', ';', 'asm' or '__attribute__' before '<' token
     for(i=0;i<size;i++) // to fill in embedded memory with the my_array values
              ^
../src/helloworld.c:46:21: error: expected '=', ',', ';', 'asm' or '__attribute__' before '++' token
     for(i=0;i<size;i++) // to fill in embedded memory with the my_array values
                     ^
../src/helloworld.c:58:11: error: expected declaration specifiers or '...' before string constant
     print("Hello World\n\r");
           ^
../src/helloworld.c:64:5: warning: data definition has no type or storage class
     cleanup_platform();
     ^
../src/helloworld.c:64:5: warning: type defaults to 'int' in declaration of 'cleanup_platform' [-Wimplicit-int]
../src/helloworld.c:64:5: error: conflicting types for 'cleanup_platform'
In file included from ../src/helloworld.c:3:0:
../src/platform.h:39:6: note: previous declaration of 'cleanup_platform' was here
 void cleanup_platform();
      ^
../src/helloworld.c:65:5: error: expected identifier or '(' before 'return'
     return 0;
     ^
../src/helloworld.c:66:1: error: expected identifier or '(' before '}' token
 }
 ^
../src/helloworld.c: In function 'main':
../src/helloworld.c:31:5: warning: control reaches end of non-void function [-Wreturn-type]
     }; // 239 - 255
     ^
make: ** [src/helloworld.o] Erro 1
02:54:23 **** Auto Build of configuration Debug for project SDK_version ****
make all 
'Building file: ../src/helloworld.c'
'Invoking: MicroBlaze gcc compiler'
mb-gcc -Wall -O0 -g3 -c -fmessage-length=0 -MT"src/helloworld.o" -I../../SDK_version_bsp/microblaze_0/include -mlittle-endian -mcpu=v9.5 -mxl-soft-mul -Wl,--no-relax -MMD -MP -MF"src/helloworld.d" -MT"src/helloworld.d" -o "src/helloworld.o" "../src/helloworld.c"
../src/helloworld.c: In function 'main':
../src/helloworld.c:27:33: error: invalid suffix "BD0" on integer constant
     unsigned int my_array[] = { 15BD0, 95A51, 065A2, 24313, 6BFE4, 01115, 31086, 0A027, AAA08, FFF69, AAF7A, 981CB, 23f3C, 450FD, F504E, FF49F};
                                 ^
../src/helloworld.c:27:40: error: invalid suffix "A51" on integer constant
     unsigned int my_array[] = { 15BD0, 95A51, 065A2, 24313, 6BFE4, 01115, 31086, 0A027, AAA08, FFF69, AAF7A, 981CB, 23f3C, 450FD, F504E, FF49F};
                                        ^
../src/helloworld.c:27:47: error: invalid suffix "A2" on integer constant
     unsigned int my_array[] = { 15BD0, 95A51, 065A2, 24313, 6BFE4, 01115, 31086, 0A027, AAA08, FFF69, AAF7A, 981CB, 23f3C, 450FD, F504E, FF49F};
                                               ^
../src/helloworld.c:27:61: error: invalid suffix "BFE4" on integer constant
     unsigned int my_array[] = { 15BD0, 95A51, 065A2, 24313, 6BFE4, 01115, 31086, 0A027, AAA08, FFF69, AAF7A, 981CB, 23f3C, 450FD, F504E, FF49F};
                                                             ^
../src/helloworld.c:27:82: error: invalid suffix "A027" on integer constant
     unsigned int my_array[] = { 15BD0, 95A51, 065A2, 24313, 6BFE4, 01115, 31086, 0A027, AAA08, FFF69, AAF7A, 981CB, 23f3C, 450FD, F504E, FF49F};
                                                                                  ^
../src/helloworld.c:27:89: error: 'AAA08' undeclared (first use in this function)
     unsigned int my_array[] = { 15BD0, 95A51, 065A2, 24313, 6BFE4, 01115, 31086, 0A027, AAA08, FFF69, AAF7A, 981CB, 23f3C, 450FD, F504E, FF49F};
                                                                                         ^
../src/helloworld.c:27:89: note: each undeclared identifier is reported only once for each function it appears in
../src/helloworld.c:27:96: error: 'FFF69' undeclared (first use in this function)
     unsigned int my_array[] = { 15BD0, 95A51, 065A2, 24313, 6BFE4, 01115, 31086, 0A027, AAA08, FFF69, AAF7A, 981CB, 23f3C, 450FD, F504E, FF49F};
                                                                                                ^
../src/helloworld.c:27:103: error: 'AAF7A' undeclared (first use in this function)
     unsigned int my_array[] = { 15BD0, 95A51, 065A2, 24313, 6BFE4, 01115, 31086, 0A027, AAA08, FFF69, AAF7A, 981CB, 23f3C, 450FD, F504E, FF49F};
                                                                                                       ^
../src/helloworld.c:27:110: error: invalid suffix "CB" on integer constant
     unsigned int my_array[] = { 15BD0, 95A51, 065A2, 24313, 6BFE4, 01115, 31086, 0A027, AAA08, FFF69, AAF7A, 981CB, 23f3C, 450FD, F504E, FF49F};
                                                                                                              ^
../src/helloworld.c:27:117: error: invalid suffix "f3C" on integer constant
     unsigned int my_array[] = { 15BD0, 95A51, 065A2, 24313, 6BFE4, 01115, 31086, 0A027, AAA08, FFF69, AAF7A, 981CB, 23f3C, 450FD, F504E, FF49F};
                                                                                                                     ^
../src/helloworld.c:27:124: error: invalid suffix "FD" on integer constant
     unsigned int my_array[] = { 15BD0, 95A51, 065A2, 24313, 6BFE4, 01115, 31086, 0A027, AAA08, FFF69, AAF7A, 981CB, 23f3C, 450FD, F504E, FF49F};
                                                                                                                            ^
../src/helloworld.c:27:131: error: 'F504E' undeclared (first use in this function)
     unsigned int my_array[] = { 15BD0, 95A51, 065A2, 24313, 6BFE4, 01115, 31086, 0A027, AAA08, FFF69, AAF7A, 981CB, 23f3C, 450FD, F504E, FF49F};
                                                                                                                                   ^
../src/helloworld.c:27:138: error: 'FF49F' undeclared (first use in this function)
     unsigned int my_array[] = { 15BD0, 95A51, 065A2, 24313, 6BFE4, 01115, 31086, 0A027, AAA08, FFF69, AAF7A, 981CB, 23f3C, 450FD, F504E, FF49F};
                                                                                                                                          ^
../src/helloworld.c:27:18: warning: unused variable 'my_array' [-Wunused-variable]
     unsigned int my_array[] = { 15BD0, 95A51, 065A2, 24313, 6BFE4, 01115, 31086, 0A027, AAA08, FFF69, AAF7A, 981CB, 23f3C, 450FD, F504E, FF49F};
                  ^
../src/helloworld.c:24:9: warning: unused variable 'i' [-Wunused-variable]
     int i;
         ^
../src/helloworld.c:23:18: warning: unused variable 'value' [-Wunused-variable]
     unsigned int value=0;
                  ^
../src/helloworld.c: At top level:
../src/helloworld.c:32:16: error: expected '=', ',', ';', 'asm' or '__attribute__' before '.' token
     GPIO_0_conf.BaseAddress = XPAR_AXI_GPIO_0_BASEADDR;
                ^
../src/helloworld.c:33:16: error: expected '=', ',', ';', 'asm' or '__attribute__' before '.' token
     GPIO_0_conf.DeviceId = XPAR_GPIO_0_DEVICE_ID;
                ^
../src/helloworld.c:34:16: error: expected '=', ',', ';', 'asm' or '__attribute__' before '.' token
     GPIO_0_conf.InterruptPresent = XPAR_GPIO_0_INTERRUPT_PRESENT;
                ^
../src/helloworld.c:35:16: error: expected '=', ',', ';', 'asm' or '__attribute__' before '.' token
     GPIO_0_conf.IsDual = XPAR_GPIO_0_IS_DUAL;
                ^
../src/helloworld.c:37:25: error: expected declaration specifiers or '...' before '&' token
     XGpio_CfgInitialize(&GPIO_0, &GPIO_0_conf, GPIO_0_conf.BaseAddress);
                         ^
../src/helloworld.c:37:34: error: expected declaration specifiers or '...' before '&' token
     XGpio_CfgInitialize(&GPIO_0, &GPIO_0_conf, GPIO_0_conf.BaseAddress);
                                  ^
../src/helloworld.c:37:48: error: expected declaration specifiers or '...' before 'GPIO_0_conf'
     XGpio_CfgInitialize(&GPIO_0, &GPIO_0_conf, GPIO_0_conf.BaseAddress);
                                                ^
../src/helloworld.c:40:5: warning: data definition has no type or storage class
     init_platform();
     ^
../src/helloworld.c:40:5: warning: type defaults to 'int' in declaration of 'init_platform' [-Wimplicit-int]
../src/helloworld.c:40:5: error: conflicting types for 'init_platform'
In file included from ../src/helloworld.c:3:0:
../src/platform.h:38:6: note: previous declaration of 'init_platform' was here
 void init_platform();
      ^
../src/helloworld.c:41:11: error: expected declaration specifiers or '...' before string constant
     print("Example of interactions with Nexys-4 switches and leds\n\r");
           ^
../src/helloworld.c:45:5: error: expected identifier or '(' before 'for'
     for(i=0;i<size;i++) // to fill in embedded memory with the my_array values
     ^
../src/helloworld.c:45:14: error: expected '=', ',', ';', 'asm' or '__attribute__' before '<' token
     for(i=0;i<size;i++) // to fill in embedded memory with the my_array values
              ^
../src/helloworld.c:45:21: error: expected '=', ',', ';', 'asm' or '__attribute__' before '++' token
     for(i=0;i<size;i++) // to fill in embedded memory with the my_array values
                     ^
../src/helloworld.c:57:11: error: expected declaration specifiers or '...' before string constant
     print("Hello World\n\r");
           ^
../src/helloworld.c:63:5: warning: data definition has no type or storage class
     cleanup_platform();
     ^
../src/helloworld.c:63:5: warning: type defaults to 'int' in declaration of 'cleanup_platform' [-Wimplicit-int]
../src/helloworld.c:63:5: error: conflicting types for 'cleanup_platform'
In file included from ../src/helloworld.c:3:0:
../src/platform.h:39:6: note: previous declaration of 'cleanup_platform' was here
 void cleanup_platform();
      ^
../src/helloworld.c:64:5: error: expected identifier or '(' before 'return'
     return 0;
     ^
../src/helloworld.c:65:1: error: expected identifier or '(' before '}' token
 }
 ^
../src/helloworld.c: In function 'main':
../src/helloworld.c:30:5: warning: control reaches end of non-void function [-Wreturn-type]
     }; // 239 - 255
     ^
make: ** [src/helloworld.o] Erro 1
02:55:25 **** Auto Build of configuration Debug for project SDK_version ****
make all 
'Building file: ../src/helloworld.c'
'Invoking: MicroBlaze gcc compiler'
mb-gcc -Wall -O0 -g3 -c -fmessage-length=0 -MT"src/helloworld.o" -I../../SDK_version_bsp/microblaze_0/include -mlittle-endian -mcpu=v9.5 -mxl-soft-mul -Wl,--no-relax -MMD -MP -MF"src/helloworld.d" -MT"src/helloworld.d" -o "src/helloworld.o" "../src/helloworld.c"
../src/helloworld.c: In function 'main':
../src/helloworld.c:27:32: error: invalid suffix "BD" on integer constant
     unsigned int my_array[] = {15BD, 95A5, 065A, 2431, 6BFE, 0111, 3108, 0A02, AAA0, FFF6, AAF7, 981C, 23f3, 450F, F504, FF49};
                                ^
../src/helloworld.c:27:38: error: invalid suffix "A5" on integer constant
     unsigned int my_array[] = {15BD, 95A5, 065A, 2431, 6BFE, 0111, 3108, 0A02, AAA0, FFF6, AAF7, 981C, 23f3, 450F, F504, FF49};
                                      ^
../src/helloworld.c:27:44: error: invalid suffix "A" on integer constant
     unsigned int my_array[] = {15BD, 95A5, 065A, 2431, 6BFE, 0111, 3108, 0A02, AAA0, FFF6, AAF7, 981C, 23f3, 450F, F504, FF49};
                                            ^
../src/helloworld.c:27:56: error: invalid suffix "BFE" on integer constant
     unsigned int my_array[] = {15BD, 95A5, 065A, 2431, 6BFE, 0111, 3108, 0A02, AAA0, FFF6, AAF7, 981C, 23f3, 450F, F504, FF49};
                                                        ^
../src/helloworld.c:27:74: error: invalid suffix "A02" on integer constant
     unsigned int my_array[] = {15BD, 95A5, 065A, 2431, 6BFE, 0111, 3108, 0A02, AAA0, FFF6, AAF7, 981C, 23f3, 450F, F504, FF49};
                                                                          ^
../src/helloworld.c:27:80: error: 'AAA0' undeclared (first use in this function)
     unsigned int my_array[] = {15BD, 95A5, 065A, 2431, 6BFE, 0111, 3108, 0A02, AAA0, FFF6, AAF7, 981C, 23f3, 450F, F504, FF49};
                                                                                ^
../src/helloworld.c:27:80: note: each undeclared identifier is reported only once for each function it appears in
../src/helloworld.c:27:86: error: 'FFF6' undeclared (first use in this function)
     unsigned int my_array[] = {15BD, 95A5, 065A, 2431, 6BFE, 0111, 3108, 0A02, AAA0, FFF6, AAF7, 981C, 23f3, 450F, F504, FF49};
                                                                                      ^
../src/helloworld.c:27:92: error: 'AAF7' undeclared (first use in this function)
     unsigned int my_array[] = {15BD, 95A5, 065A, 2431, 6BFE, 0111, 3108, 0A02, AAA0, FFF6, AAF7, 981C, 23f3, 450F, F504, FF49};
                                                                                            ^
../src/helloworld.c:27:98: error: invalid suffix "C" on integer constant
     unsigned int my_array[] = {15BD, 95A5, 065A, 2431, 6BFE, 0111, 3108, 0A02, AAA0, FFF6, AAF7, 981C, 23f3, 450F, F504, FF49};
                                                                                                  ^
../src/helloworld.c:27:104: error: invalid suffix "f3" on integer constant
     unsigned int my_array[] = {15BD, 95A5, 065A, 2431, 6BFE, 0111, 3108, 0A02, AAA0, FFF6, AAF7, 981C, 23f3, 450F, F504, FF49};
                                                                                                        ^
../src/helloworld.c:27:110: error: invalid suffix "F" on integer constant
     unsigned int my_array[] = {15BD, 95A5, 065A, 2431, 6BFE, 0111, 3108, 0A02, AAA0, FFF6, AAF7, 981C, 23f3, 450F, F504, FF49};
                                                                                                              ^
../src/helloworld.c:27:116: error: 'F504' undeclared (first use in this function)
     unsigned int my_array[] = {15BD, 95A5, 065A, 2431, 6BFE, 0111, 3108, 0A02, AAA0, FFF6, AAF7, 981C, 23f3, 450F, F504, FF49};
                                                                                                                    ^
../src/helloworld.c:27:122: error: 'FF49' undeclared (first use in this function)
     unsigned int my_array[] = {15BD, 95A5, 065A, 2431, 6BFE, 0111, 3108, 0A02, AAA0, FFF6, AAF7, 981C, 23f3, 450F, F504, FF49};
                                                                                                                          ^
../src/helloworld.c:27:18: warning: unused variable 'my_array' [-Wunused-variable]
     unsigned int my_array[] = {15BD, 95A5, 065A, 2431, 6BFE, 0111, 3108, 0A02, AAA0, FFF6, AAF7, 981C, 23f3, 450F, F504, FF49};
                  ^
../src/helloworld.c:24:9: warning: unused variable 'i' [-Wunused-variable]
     int i;
         ^
../src/helloworld.c:23:18: warning: unused variable 'value' [-Wunused-variable]
     unsigned int value=0;
                  ^
../src/helloworld.c: At top level:
../src/helloworld.c:33:16: error: expected '=', ',', ';', 'asm' or '__attribute__' before '.' token
     GPIO_0_conf.BaseAddress = XPAR_AXI_GPIO_0_BASEADDR;
                ^
../src/helloworld.c:34:16: error: expected '=', ',', ';', 'asm' or '__attribute__' before '.' token
     GPIO_0_conf.DeviceId = XPAR_GPIO_0_DEVICE_ID;
                ^
../src/helloworld.c:35:16: error: expected '=', ',', ';', 'asm' or '__attribute__' before '.' token
     GPIO_0_conf.InterruptPresent = XPAR_GPIO_0_INTERRUPT_PRESENT;
                ^
../src/helloworld.c:36:16: error: expected '=', ',', ';', 'asm' or '__attribute__' before '.' token
     GPIO_0_conf.IsDual = XPAR_GPIO_0_IS_DUAL;
                ^
../src/helloworld.c:38:25: error: expected declaration specifiers or '...' before '&' token
     XGpio_CfgInitialize(&GPIO_0, &GPIO_0_conf, GPIO_0_conf.BaseAddress);
                         ^
../src/helloworld.c:38:34: error: expected declaration specifiers or '...' before '&' token
     XGpio_CfgInitialize(&GPIO_0, &GPIO_0_conf, GPIO_0_conf.BaseAddress);
                                  ^
../src/helloworld.c:38:48: error: expected declaration specifiers or '...' before 'GPIO_0_conf'
     XGpio_CfgInitialize(&GPIO_0, &GPIO_0_conf, GPIO_0_conf.BaseAddress);
                                                ^
../src/helloworld.c:41:5: warning: data definition has no type or storage class
     init_platform();
     ^
../src/helloworld.c:41:5: warning: type defaults to 'int' in declaration of 'init_platform' [-Wimplicit-int]
../src/helloworld.c:41:5: error: conflicting types for 'init_platform'
In file included from ../src/helloworld.c:3:0:
../src/platform.h:38:6: note: previous declaration of 'init_platform' was here
 void init_platform();
      ^
../src/helloworld.c:42:11: error: expected declaration specifiers or '...' before string constant
     print("Example of interactions with Nexys-4 switches and leds\n\r");
           ^
../src/helloworld.c:46:5: error: expected identifier or '(' before 'for'
     for(i=0;i<size;i++) // to fill in embedded memory with the my_array values
     ^
../src/helloworld.c:46:14: error: expected '=', ',', ';', 'asm' or '__attribute__' before '<' token
     for(i=0;i<size;i++) // to fill in embedded memory with the my_array values
              ^
../src/helloworld.c:46:21: error: expected '=', ',', ';', 'asm' or '__attribute__' before '++' token
     for(i=0;i<size;i++) // to fill in embedded memory with the my_array values
                     ^
../src/helloworld.c:58:11: error: expected declaration specifiers or '...' before string constant
     print("Hello World\n\r");
           ^
../src/helloworld.c:64:5: warning: data definition has no type or storage class
     cleanup_platform();
     ^
../src/helloworld.c:64:5: warning: type defaults to 'int' in declaration of 'cleanup_platform' [-Wimplicit-int]
../src/helloworld.c:64:5: error: conflicting types for 'cleanup_platform'
In file included from ../src/helloworld.c:3:0:
../src/platform.h:39:6: note: previous declaration of 'cleanup_platform' was here
 void cleanup_platform();
      ^
../src/helloworld.c:65:5: error: expected identifier or '(' before 'return'
     return 0;
     ^
../src/helloworld.c:66:1: error: expected identifier or '(' before '}' token
 }
 ^
../src/helloworld.c: In function 'main':
../src/helloworld.c:31:5: warning: control reaches end of non-void function [-Wreturn-type]
     }; // 239 - 255
     ^
make: ** [src/helloworld.o] Erro 1
02:55:46 **** Auto Build of configuration Debug for project SDK_version ****
make all 
'Building file: ../src/helloworld.c'
'Invoking: MicroBlaze gcc compiler'
mb-gcc -Wall -O0 -g3 -c -fmessage-length=0 -MT"src/helloworld.o" -I../../SDK_version_bsp/microblaze_0/include -mlittle-endian -mcpu=v9.5 -mxl-soft-mul -Wl,--no-relax -MMD -MP -MF"src/helloworld.d" -MT"src/helloworld.d" -o "src/helloworld.o" "../src/helloworld.c"
../src/helloworld.c: In function 'main':
../src/helloworld.c:27:18: warning: unused variable 'my_array' [-Wunused-variable]
     unsigned int my_array[] = {184,137,136,135,134,144,141,190,120,170,60,70,30,50,111,981,141,171,121,66,193,118,125,173,176,180, // 213 - 238
                  ^
../src/helloworld.c:24:9: warning: unused variable 'i' [-Wunused-variable]
     int i;
         ^
../src/helloworld.c:23:18: warning: unused variable 'value' [-Wunused-variable]
     unsigned int value=0;
                  ^
../src/helloworld.c: At top level:
../src/helloworld.c:31:16: error: expected '=', ',', ';', 'asm' or '__attribute__' before '.' token
     GPIO_0_conf.BaseAddress = XPAR_AXI_GPIO_0_BASEADDR;
                ^
../src/helloworld.c:32:16: error: expected '=', ',', ';', 'asm' or '__attribute__' before '.' token
     GPIO_0_conf.DeviceId = XPAR_GPIO_0_DEVICE_ID;
                ^
../src/helloworld.c:33:16: error: expected '=', ',', ';', 'asm' or '__attribute__' before '.' token
     GPIO_0_conf.InterruptPresent = XPAR_GPIO_0_INTERRUPT_PRESENT;
                ^
../src/helloworld.c:34:16: error: expected '=', ',', ';', 'asm' or '__attribute__' before '.' token
     GPIO_0_conf.IsDual = XPAR_GPIO_0_IS_DUAL;
                ^
../src/helloworld.c:36:25: error: expected declaration specifiers or '...' before '&' token
     XGpio_CfgInitialize(&GPIO_0, &GPIO_0_conf, GPIO_0_conf.BaseAddress);
                         ^
../src/helloworld.c:36:34: error: expected declaration specifiers or '...' before '&' token
     XGpio_CfgInitialize(&GPIO_0, &GPIO_0_conf, GPIO_0_conf.BaseAddress);
                                  ^
../src/helloworld.c:36:48: error: expected declaration specifiers or '...' before 'GPIO_0_conf'
     XGpio_CfgInitialize(&GPIO_0, &GPIO_0_conf, GPIO_0_conf.BaseAddress);
                                                ^
../src/helloworld.c:39:5: warning: data definition has no type or storage class
     init_platform();
     ^
../src/helloworld.c:39:5: warning: type defaults to 'int' in declaration of 'init_platform' [-Wimplicit-int]
../src/helloworld.c:39:5: error: conflicting types for 'init_platform'
In file included from ../src/helloworld.c:3:0:
../src/platform.h:38:6: note: previous declaration of 'init_platform' was here
 void init_platform();
      ^
../src/helloworld.c:40:11: error: expected declaration specifiers or '...' before string constant
     print("Example of interactions with Nexys-4 switches and leds\n\r");
           ^
../src/helloworld.c:44:5: error: expected identifier or '(' before 'for'
     for(i=0;i<size;i++) // to fill in embedded memory with the my_array values
     ^
../src/helloworld.c:44:14: error: expected '=', ',', ';', 'asm' or '__attribute__' before '<' token
     for(i=0;i<size;i++) // to fill in embedded memory with the my_array values
              ^
../src/helloworld.c:44:21: error: expected '=', ',', ';', 'asm' or '__attribute__' before '++' token
     for(i=0;i<size;i++) // to fill in embedded memory with the my_array values
                     ^
../src/helloworld.c:56:11: error: expected declaration specifiers or '...' before string constant
     print("Hello World\n\r");
           ^
../src/helloworld.c:62:5: warning: data definition has no type or storage class
     cleanup_platform();
     ^
../src/helloworld.c:62:5: warning: type defaults to 'int' in declaration of 'cleanup_platform' [-Wimplicit-int]
../src/helloworld.c:62:5: error: conflicting types for 'cleanup_platform'
In file included from ../src/helloworld.c:3:0:
../src/platform.h:39:6: note: previous declaration of 'cleanup_platform' was here
 void cleanup_platform();
      ^
../src/helloworld.c:63:5: error: expected identifier or '(' before 'return'
     return 0;
     ^
../src/helloworld.c:64:1: error: expected identifier or '(' before '}' token
 }
 ^
../src/helloworld.c: In function 'main':
../src/helloworld.c:29:5: warning: control reaches end of non-void function [-Wreturn-type]
     }; // 239 - 255
     ^
make: ** [src/helloworld.o] Erro 1
02:56:20 **** Auto Build of configuration Debug for project SDK_version ****
make all 
'Building file: ../src/helloworld.c'
'Invoking: MicroBlaze gcc compiler'
mb-gcc -Wall -O0 -g3 -c -fmessage-length=0 -MT"src/helloworld.o" -I../../SDK_version_bsp/microblaze_0/include -mlittle-endian -mcpu=v9.5 -mxl-soft-mul -Wl,--no-relax -MMD -MP -MF"src/helloworld.d" -MT"src/helloworld.d" -o "src/helloworld.o" "../src/helloworld.c"
../src/helloworld.c: In function 'main':
../src/helloworld.c:27:32: error: invalid suffix "BD" on integer constant
     unsigned int my_array[] = {15BD, 95A5, 065A, 2431, 6BFE, 0111, 3108, 0A02, AAA0, FFF6, AAF7, 981C, 23f3, 450F, F504 FF49};
                                ^
../src/helloworld.c:27:38: error: invalid suffix "A5" on integer constant
     unsigned int my_array[] = {15BD, 95A5, 065A, 2431, 6BFE, 0111, 3108, 0A02, AAA0, FFF6, AAF7, 981C, 23f3, 450F, F504 FF49};
                                      ^
../src/helloworld.c:27:44: error: invalid suffix "A" on integer constant
     unsigned int my_array[] = {15BD, 95A5, 065A, 2431, 6BFE, 0111, 3108, 0A02, AAA0, FFF6, AAF7, 981C, 23f3, 450F, F504 FF49};
                                            ^
../src/helloworld.c:27:56: error: invalid suffix "BFE" on integer constant
     unsigned int my_array[] = {15BD, 95A5, 065A, 2431, 6BFE, 0111, 3108, 0A02, AAA0, FFF6, AAF7, 981C, 23f3, 450F, F504 FF49};
                                                        ^
../src/helloworld.c:27:74: error: invalid suffix "A02" on integer constant
     unsigned int my_array[] = {15BD, 95A5, 065A, 2431, 6BFE, 0111, 3108, 0A02, AAA0, FFF6, AAF7, 981C, 23f3, 450F, F504 FF49};
                                                                          ^
../src/helloworld.c:27:80: error: 'AAA0' undeclared (first use in this function)
     unsigned int my_array[] = {15BD, 95A5, 065A, 2431, 6BFE, 0111, 3108, 0A02, AAA0, FFF6, AAF7, 981C, 23f3, 450F, F504 FF49};
                                                                                ^
../src/helloworld.c:27:80: note: each undeclared identifier is reported only once for each function it appears in
../src/helloworld.c:27:86: error: 'FFF6' undeclared (first use in this function)
     unsigned int my_array[] = {15BD, 95A5, 065A, 2431, 6BFE, 0111, 3108, 0A02, AAA0, FFF6, AAF7, 981C, 23f3, 450F, F504 FF49};
                                                                                      ^
../src/helloworld.c:27:92: error: 'AAF7' undeclared (first use in this function)
     unsigned int my_array[] = {15BD, 95A5, 065A, 2431, 6BFE, 0111, 3108, 0A02, AAA0, FFF6, AAF7, 981C, 23f3, 450F, F504 FF49};
                                                                                            ^
../src/helloworld.c:27:98: error: invalid suffix "C" on integer constant
     unsigned int my_array[] = {15BD, 95A5, 065A, 2431, 6BFE, 0111, 3108, 0A02, AAA0, FFF6, AAF7, 981C, 23f3, 450F, F504 FF49};
                                                                                                  ^
../src/helloworld.c:27:104: error: invalid suffix "f3" on integer constant
     unsigned int my_array[] = {15BD, 95A5, 065A, 2431, 6BFE, 0111, 3108, 0A02, AAA0, FFF6, AAF7, 981C, 23f3, 450F, F504 FF49};
                                                                                                        ^
../src/helloworld.c:27:110: error: invalid suffix "F" on integer constant
     unsigned int my_array[] = {15BD, 95A5, 065A, 2431, 6BFE, 0111, 3108, 0A02, AAA0, FFF6, AAF7, 981C, 23f3, 450F, F504 FF49};
                                                                                                              ^
../src/helloworld.c:27:116: error: 'F504' undeclared (first use in this function)
     unsigned int my_array[] = {15BD, 95A5, 065A, 2431, 6BFE, 0111, 3108, 0A02, AAA0, FFF6, AAF7, 981C, 23f3, 450F, F504 FF49};
                                                                                                                    ^
../src/helloworld.c:27:121: error: expected '}' before 'FF49'
     unsigned int my_array[] = {15BD, 95A5, 065A, 2431, 6BFE, 0111, 3108, 0A02, AAA0, FFF6, AAF7, 981C, 23f3, 450F, F504 FF49};
                                                                                                                         ^
make: ** [src/helloworld.o] Erro 1
02:56:29 **** Auto Build of configuration Debug for project SDK_version ****
make all 
'Building file: ../src/helloworld.c'
'Invoking: MicroBlaze gcc compiler'
mb-gcc -Wall -O0 -g3 -c -fmessage-length=0 -MT"src/helloworld.o" -I../../SDK_version_bsp/microblaze_0/include -mlittle-endian -mcpu=v9.5 -mxl-soft-mul -Wl,--no-relax -MMD -MP -MF"src/helloworld.d" -MT"src/helloworld.d" -o "src/helloworld.o" "../src/helloworld.c"
../src/helloworld.c: In function 'main':
../src/helloworld.c:27:32: error: invalid suffix "BD" on integer constant
     unsigned int my_array[] = {15BD, 95A5, 065A, 2431, 6BFE, 0111, 3108, 0A02, AAA0, FFF6, AAF7, 981C, 23f3, 450F, F504, FF49};
                                ^
../src/helloworld.c:27:38: error: invalid suffix "A5" on integer constant
     unsigned int my_array[] = {15BD, 95A5, 065A, 2431, 6BFE, 0111, 3108, 0A02, AAA0, FFF6, AAF7, 981C, 23f3, 450F, F504, FF49};
                                      ^
../src/helloworld.c:27:44: error: invalid suffix "A" on integer constant
     unsigned int my_array[] = {15BD, 95A5, 065A, 2431, 6BFE, 0111, 3108, 0A02, AAA0, FFF6, AAF7, 981C, 23f3, 450F, F504, FF49};
                                            ^
../src/helloworld.c:27:56: error: invalid suffix "BFE" on integer constant
     unsigned int my_array[] = {15BD, 95A5, 065A, 2431, 6BFE, 0111, 3108, 0A02, AAA0, FFF6, AAF7, 981C, 23f3, 450F, F504, FF49};
                                                        ^
../src/helloworld.c:27:74: error: invalid suffix "A02" on integer constant
     unsigned int my_array[] = {15BD, 95A5, 065A, 2431, 6BFE, 0111, 3108, 0A02, AAA0, FFF6, AAF7, 981C, 23f3, 450F, F504, FF49};
                                                                          ^
../src/helloworld.c:27:80: error: 'AAA0' undeclared (first use in this function)
     unsigned int my_array[] = {15BD, 95A5, 065A, 2431, 6BFE, 0111, 3108, 0A02, AAA0, FFF6, AAF7, 981C, 23f3, 450F, F504, FF49};
                                                                                ^
../src/helloworld.c:27:80: note: each undeclared identifier is reported only once for each function it appears in
../src/helloworld.c:27:86: error: 'FFF6' undeclared (first use in this function)
     unsigned int my_array[] = {15BD, 95A5, 065A, 2431, 6BFE, 0111, 3108, 0A02, AAA0, FFF6, AAF7, 981C, 23f3, 450F, F504, FF49};
                                                                                      ^
../src/helloworld.c:27:92: error: 'AAF7' undeclared (first use in this function)
     unsigned int my_array[] = {15BD, 95A5, 065A, 2431, 6BFE, 0111, 3108, 0A02, AAA0, FFF6, AAF7, 981C, 23f3, 450F, F504, FF49};
                                                                                            ^
../src/helloworld.c:27:98: error: invalid suffix "C" on integer constant
     unsigned int my_array[] = {15BD, 95A5, 065A, 2431, 6BFE, 0111, 3108, 0A02, AAA0, FFF6, AAF7, 981C, 23f3, 450F, F504, FF49};
                                                                                                  ^
../src/helloworld.c:27:104: error: invalid suffix "f3" on integer constant
     unsigned int my_array[] = {15BD, 95A5, 065A, 2431, 6BFE, 0111, 3108, 0A02, AAA0, FFF6, AAF7, 981C, 23f3, 450F, F504, FF49};
                                                                                                        ^
../src/helloworld.c:27:110: error: invalid suffix "F" on integer constant
     unsigned int my_array[] = {15BD, 95A5, 065A, 2431, 6BFE, 0111, 3108, 0A02, AAA0, FFF6, AAF7, 981C, 23f3, 450F, F504, FF49};
                                                                                                              ^
../src/helloworld.c:27:116: error: 'F504' undeclared (first use in this function)
     unsigned int my_array[] = {15BD, 95A5, 065A, 2431, 6BFE, 0111, 3108, 0A02, AAA0, FFF6, AAF7, 981C, 23f3, 450F, F504, FF49};
                                                                                                                    ^
../src/helloworld.c:27:122: error: 'FF49' undeclared (first use in this function)
     unsigned int my_array[] = {15BD, 95A5, 065A, 2431, 6BFE, 0111, 3108, 0A02, AAA0, FFF6, AAF7, 981C, 23f3, 450F, F504, FF49};
                                                                                                                          ^
make: ** [src/helloworld.o] Erro 1
02:56:53 **** Auto Build of configuration Debug for project SDK_version ****
make all 
'Building file: ../src/helloworld.c'
'Invoking: MicroBlaze gcc compiler'
mb-gcc -Wall -O0 -g3 -c -fmessage-length=0 -MT"src/helloworld.o" -I../../SDK_version_bsp/microblaze_0/include -mlittle-endian -mcpu=v9.5 -mxl-soft-mul -Wl,--no-relax -MMD -MP -MF"src/helloworld.d" -MT"src/helloworld.d" -o "src/helloworld.o" "../src/helloworld.c"
'Finished building: ../src/helloworld.c'
' '
'Building target: SDK_version.elf'
'Invoking: MicroBlaze gcc linker'
mb-gcc -Wl,-T -Wl,../src/lscript.ld -L../../SDK_version_bsp/microblaze_0/lib -mlittle-endian -mcpu=v9.5 -mxl-soft-mul -Wl,--no-relax -o "SDK_version.elf"  ./src/helloworld.o ./src/platform.o   -Wl,--start-group,-lxil,-lgcc,-lc,--end-group
'Finished building target: SDK_version.elf'
' '
'Invoking: MicroBlaze Print Size'
mb-size SDK_version.elf  |tee "SDK_version.elf.size"
   text	   data	    bss	    dec	    hex	filename
   5440	    288	   3152	   8880	   22b0	SDK_version.elf
'Finished building: SDK_version.elf.size'
' '
02:56:57 **** Auto Build of configuration Debug for project SDK_version ****
make all 
'Building file: ../src/helloworld.c'
'Invoking: MicroBlaze gcc compiler'
mb-gcc -Wall -O0 -g3 -c -fmessage-length=0 -MT"src/helloworld.o" -I../../SDK_version_bsp/microblaze_0/include -mlittle-endian -mcpu=v9.5 -mxl-soft-mul -Wl,--no-relax -MMD -MP -MF"src/helloworld.d" -MT"src/helloworld.d" -o "src/helloworld.o" "../src/helloworld.c"
'Finished building: ../src/helloworld.c'
' '
'Building target: SDK_version.elf'
'Invoking: MicroBlaze gcc linker'
mb-gcc -Wl,-T -Wl,../src/lscript.ld -L../../SDK_version_bsp/microblaze_0/lib -mlittle-endian -mcpu=v9.5 -mxl-soft-mul -Wl,--no-relax -o "SDK_version.elf"  ./src/helloworld.o ./src/platform.o   -Wl,--start-group,-lxil,-lgcc,-lc,--end-group
'Finished building target: SDK_version.elf'
' '
'Invoking: MicroBlaze Print Size'
mb-size SDK_version.elf  |tee "SDK_version.elf.size"
   text	   data	    bss	    dec	    hex	filename
   5440	    288	   3152	   8880	   22b0	SDK_version.elf
'Finished building: SDK_version.elf.size'
' '
02:57:02 **** Auto Build of configuration Debug for project SDK_version ****
make all 
'Building file: ../src/helloworld.c'
'Invoking: MicroBlaze gcc compiler'
mb-gcc -Wall -O0 -g3 -c -fmessage-length=0 -MT"src/helloworld.o" -I../../SDK_version_bsp/microblaze_0/include -mlittle-endian -mcpu=v9.5 -mxl-soft-mul -Wl,--no-relax -MMD -MP -MF"src/helloworld.d" -MT"src/helloworld.d" -o "src/helloworld.o" "../src/helloworld.c"
../src/helloworld.c: In function 'main':
../src/helloworld.c:29:12: error: invalid suffix "A" on integer constant
       1841,1371A,136,135,134,144,141,190,120,170,60,70,30,50,111,981,141,171,121,66,193,118,125,173,176,180, // 213 - 238
            ^
make: ** [src/helloworld.o] Erro 1
02:57:04 **** Auto Build of configuration Debug for project SDK_version ****
make all 
'Building file: ../src/helloworld.c'
'Invoking: MicroBlaze gcc compiler'
mb-gcc -Wall -O0 -g3 -c -fmessage-length=0 -MT"src/helloworld.o" -I../../SDK_version_bsp/microblaze_0/include -mlittle-endian -mcpu=v9.5 -mxl-soft-mul -Wl,--no-relax -MMD -MP -MF"src/helloworld.d" -MT"src/helloworld.d" -o "src/helloworld.o" "../src/helloworld.c"
'Finished building: ../src/helloworld.c'
' '
'Building target: SDK_version.elf'
'Invoking: MicroBlaze gcc linker'
[...]
mb-gcc -Wall -O0 -g3 -c -fmessage-length=0 -MT"src/helloworld.o" -I../../SDK_version_bsp/microblaze_0/include -mlittle-endian -mcpu=v9.5 -mxl-soft-mul -Wl,--no-relax -MMD -MP -MF"src/helloworld.d" -MT"src/helloworld.d" -o "src/helloworld.o" "../src/helloworld.c"
'Finished building: ../src/helloworld.c'
' '
'Building file: ../src/platform.c'
'Invoking: MicroBlaze gcc compiler'
mb-gcc -Wall -O0 -g3 -c -fmessage-length=0 -MT"src/platform.o" -I../../SDK_version_bsp/microblaze_0/include -mlittle-endian -mcpu=v9.5 -mxl-soft-mul -Wl,--no-relax -MMD -MP -MF"src/platform.d" -MT"src/platform.d" -o "src/platform.o" "../src/platform.c"
'Finished building: ../src/platform.c'
' '
'Building target: SDK_version.elf'
'Invoking: MicroBlaze gcc linker'
mb-gcc -Wl,-T -Wl,../src/lscript.ld -L../../SDK_version_bsp/microblaze_0/lib -mlittle-endian -mcpu=v9.5 -mxl-soft-mul -Wl,--no-relax -o "SDK_version.elf"  ./src/helloworld.o ./src/platform.o   -Wl,--start-group,-lxil,-lgcc,-lc,--end-group
'Finished building target: SDK_version.elf'
' '
'Invoking: MicroBlaze Print Size'
mb-size SDK_version.elf  |tee "SDK_version.elf.size"
   text	   data	    bss	    dec	    hex	filename
   5768	    288	   3152	   9208	   23f8	SDK_version.elf
'Finished building: SDK_version.elf.size'
' '
03:53:41 **** Auto Build of configuration Debug for project SDK_version ****
make all 
'Building file: ../src/helloworld.c'
'Invoking: MicroBlaze gcc compiler'
mb-gcc -Wall -O0 -g3 -c -fmessage-length=0 -MT"src/helloworld.o" -I../../SDK_version_bsp/microblaze_0/include -mlittle-endian -mcpu=v9.5 -mxl-soft-mul -Wl,--no-relax -MMD -MP -MF"src/helloworld.d" -MT"src/helloworld.d" -o "src/helloworld.o" "../src/helloworld.c"
../src/helloworld.c: In function 'main':
../src/helloworld.c:21:9: warning: variable 'input' set but not used [-Wunused-but-set-variable]
     u32 input;
         ^
'Finished building: ../src/helloworld.c'
' '
'Building target: SDK_version.elf'
'Invoking: MicroBlaze gcc linker'
mb-gcc -Wl,-T -Wl,../src/lscript.ld -L../../SDK_version_bsp/microblaze_0/lib -mlittle-endian -mcpu=v9.5 -mxl-soft-mul -Wl,--no-relax -o "SDK_version.elf"  ./src/helloworld.o ./src/platform.o   -Wl,--start-group,-lxil,-lgcc,-lc,--end-group
'Finished building target: SDK_version.elf'
' '
'Invoking: MicroBlaze Print Size'
mb-size SDK_version.elf  |tee "SDK_version.elf.size"
   text	   data	    bss	    dec	    hex	filename
   5796	    288	   3156	   9240	   2418	SDK_version.elf
'Finished building: SDK_version.elf.size'
' '
03:54:24 **** Auto Build of configuration Debug for project SDK_version ****
make all 
'Building file: ../src/helloworld.c'
'Invoking: MicroBlaze gcc compiler'
mb-gcc -Wall -O0 -g3 -c -fmessage-length=0 -MT"src/helloworld.o" -I../../SDK_version_bsp/microblaze_0/include -mlittle-endian -mcpu=v9.5 -mxl-soft-mul -Wl,--no-relax -MMD -MP -MF"src/helloworld.d" -MT"src/helloworld.d" -o "src/helloworld.o" "../src/helloworld.c"
'Finished building: ../src/helloworld.c'
' '
'Building target: SDK_version.elf'
'Invoking: MicroBlaze gcc linker'
mb-gcc -Wl,-T -Wl,../src/lscript.ld -L../../SDK_version_bsp/microblaze_0/lib -mlittle-endian -mcpu=v9.5 -mxl-soft-mul -Wl,--no-relax -o "SDK_version.elf"  ./src/helloworld.o ./src/platform.o   -Wl,--start-group,-lxil,-lgcc,-lc,--end-group
'Finished building target: SDK_version.elf'
' '
'Invoking: MicroBlaze Print Size'
mb-size SDK_version.elf  |tee "SDK_version.elf.size"
   text	   data	    bss	    dec	    hex	filename
   6364	    288	   3156	   9808	   2650	SDK_version.elf
'Finished building: SDK_version.elf.size'
' '
03:54:54 **** Incremental Build of configuration Debug for project SDK_version ****
make all 
make: Nada a ser feito para `all'.
03:56:20 **** Incremental Build of configuration Debug for project SDK_version ****
make all 
make: Nada a ser feito para `all'.
03:56:50 **** Incremental Build of configuration Debug for project SDK_version ****
make all 
make: Nada a ser feito para `all'.
03:57:11 **** Auto Build of configuration Debug for project SDK_version ****
make all 
'Building file: ../src/helloworld.c'
'Invoking: MicroBlaze gcc compiler'
mb-gcc -Wall -O0 -g3 -c -fmessage-length=0 -MT"src/helloworld.o" -I../../SDK_version_bsp/microblaze_0/include -mlittle-endian -mcpu=v9.5 -mxl-soft-mul -Wl,--no-relax -MMD -MP -MF"src/helloworld.d" -MT"src/helloworld.d" -o "src/helloworld.o" "../src/helloworld.c"
'Finished building: ../src/helloworld.c'
' '
'Building target: SDK_version.elf'
'Invoking: MicroBlaze gcc linker'
mb-gcc -Wl,-T -Wl,../src/lscript.ld -L../../SDK_version_bsp/microblaze_0/lib -mlittle-endian -mcpu=v9.5 -mxl-soft-mul -Wl,--no-relax -o "SDK_version.elf"  ./src/helloworld.o ./src/platform.o   -Wl,--start-group,-lxil,-lgcc,-lc,--end-group
'Finished building target: SDK_version.elf'
' '
'Invoking: MicroBlaze Print Size'
mb-size SDK_version.elf  |tee "SDK_version.elf.size"
   text	   data	    bss	    dec	    hex	filename
   6044	    288	   3156	   9488	   2510	SDK_version.elf
'Finished building: SDK_version.elf.size'
' '
03:57:14 **** Auto Build of configuration Debug for project SDK_version ****
make all 
'Building file: ../src/helloworld.c'
'Invoking: MicroBlaze gcc compiler'
mb-gcc -Wall -O0 -g3 -c -fmessage-length=0 -MT"src/helloworld.o" -I../../SDK_version_bsp/microblaze_0/include -mlittle-endian -mcpu=v9.5 -mxl-soft-mul -Wl,--no-relax -MMD -MP -MF"src/helloworld.d" -MT"src/helloworld.d" -o "src/helloworld.o" "../src/helloworld.c"
../src/helloworld.c: In function 'main':
../src/helloworld.c:21:9: warning: variable 'input' set but not used [-Wunused-but-set-variable]
     u32 input;
         ^
'Finished building: ../src/helloworld.c'
' '
'Building target: SDK_version.elf'
'Invoking: MicroBlaze gcc linker'
mb-gcc -Wl,-T -Wl,../src/lscript.ld -L../../SDK_version_bsp/microblaze_0/lib -mlittle-endian -mcpu=v9.5 -mxl-soft-mul -Wl,--no-relax -o "SDK_version.elf"  ./src/helloworld.o ./src/platform.o   -Wl,--start-group,-lxil,-lgcc,-lc,--end-group
'Finished building target: SDK_version.elf'
' '
'Invoking: MicroBlaze Print Size'
mb-size SDK_version.elf  |tee "SDK_version.elf.size"
   text	   data	    bss	    dec	    hex	filename
   5820	    288	   3156	   9264	   2430	SDK_version.elf
'Finished building: SDK_version.elf.size'
' '
03:57:16 **** Incremental Build of configuration Debug for project SDK_version ****
make all 
make: Nada a ser feito para `all'.
03:57:32 **** Auto Build of configuration Debug for project SDK_version ****
make all 
'Building file: ../src/helloworld.c'
'Invoking: MicroBlaze gcc compiler'
mb-gcc -Wall -O0 -g3 -c -fmessage-length=0 -MT"src/helloworld.o" -I../../SDK_version_bsp/microblaze_0/include -mlittle-endian -mcpu=v9.5 -mxl-soft-mul -Wl,--no-relax -MMD -MP -MF"src/helloworld.d" -MT"src/helloworld.d" -o "src/helloworld.o" "../src/helloworld.c"
../src/helloworld.c: In function 'main':
../src/helloworld.c:21:9: warning: unused variable 'input' [-Wunused-variable]
     u32 input;
         ^
'Finished building: ../src/helloworld.c'
' '
'Building target: SDK_version.elf'
'Invoking: MicroBlaze gcc linker'
mb-gcc -Wl,-T -Wl,../src/lscript.ld -L../../SDK_version_bsp/microblaze_0/lib -mlittle-endian -mcpu=v9.5 -mxl-soft-mul -Wl,--no-relax -o "SDK_version.elf"  ./src/helloworld.o ./src/platform.o   -Wl,--start-group,-lxil,-lgcc,-lc,--end-group
'Finished building target: SDK_version.elf'
' '
'Invoking: MicroBlaze Print Size'
mb-size SDK_version.elf  |tee "SDK_version.elf.size"
   text	   data	    bss	    dec	    hex	filename
   5792	    288	   3152	   9232	   2410	SDK_version.elf
'Finished building: SDK_version.elf.size'
' '
03:57:35 **** Incremental Build of configuration Debug for project SDK_version ****
make all 
make: Nada a ser feito para `all'.
03:58:14 **** Incremental Build of configuration Debug for project SDK_version ****
make all 
make: Nada a ser feito para `all'.
03:59:54 **** Incremental Build of configuration Debug for project SDK_version ****
make all 
make: Nada a ser feito para `all'.
04:00:28 **** Auto Build of configuration Debug for project SDK_version ****
make all 
'Building file: ../src/helloworld.c'
'Invoking: MicroBlaze gcc compiler'
mb-gcc -Wall -O0 -g3 -c -fmessage-length=0 -MT"src/helloworld.o" -I../../SDK_version_bsp/microblaze_0/include -mlittle-endian -mcpu=v9.5 -mxl-soft-mul -Wl,--no-relax -MMD -MP -MF"src/helloworld.d" -MT"src/helloworld.d" -o "src/helloworld.o" "../src/helloworld.c"
'Finished building: ../src/helloworld.c'
' '
'Building target: SDK_version.elf'
'Invoking: MicroBlaze gcc linker'
mb-gcc -Wl,-T -Wl,../src/lscript.ld -L../../SDK_version_bsp/microblaze_0/lib -mlittle-endian -mcpu=v9.5 -mxl-soft-mul -Wl,--no-relax -o "SDK_version.elf"  ./src/helloworld.o ./src/platform.o   -Wl,--start-group,-lxil,-lgcc,-lc,--end-group
'Finished building target: SDK_version.elf'
' '
'Invoking: MicroBlaze Print Size'
mb-size SDK_version.elf  |tee "SDK_version.elf.size"
   text	   data	    bss	    dec	    hex	filename
   6044	    288	   3156	   9488	   2510	SDK_version.elf
'Finished building: SDK_version.elf.size'
' '
04:00:31 **** Incremental Build of configuration Debug for project SDK_version ****
make all 
make: Nada a ser feito para `all'.
04:00:50 **** Auto Build of configuration Debug for project SDK_version ****
make all 
'Building file: ../src/helloworld.c'
'Invoking: MicroBlaze gcc compiler'
mb-gcc -Wall -O0 -g3 -c -fmessage-length=0 -MT"src/helloworld.o" -I../../SDK_version_bsp/microblaze_0/include -mlittle-endian -mcpu=v9.5 -mxl-soft-mul -Wl,--no-relax -MMD -MP -MF"src/helloworld.d" -MT"src/helloworld.d" -o "src/helloworld.o" "../src/helloworld.c"
'Finished building: ../src/helloworld.c'
' '
'Building target: SDK_version.elf'
'Invoking: MicroBlaze gcc linker'
mb-gcc -Wl,-T -Wl,../src/lscript.ld -L../../SDK_version_bsp/microblaze_0/lib -mlittle-endian -mcpu=v9.5 -mxl-soft-mul -Wl,--no-relax -o "SDK_version.elf"  ./src/helloworld.o ./src/platform.o   -Wl,--start-group,-lxil,-lgcc,-lc,--end-group
'Finished building target: SDK_version.elf'
' '
'Invoking: MicroBlaze Print Size'
mb-size SDK_version.elf  |tee "SDK_version.elf.size"
   text	   data	    bss	    dec	    hex	filename
   6364	    288	   3156	   9808	   2650	SDK_version.elf
'Finished building: SDK_version.elf.size'
' '
04:01:25 **** Incremental Build of configuration Debug for project SDK_version ****
make all 
make: Nada a ser feito para `all'.
04:02:30 **** Auto Build of configuration Debug for project SDK_version ****
make all 
'Building file: ../src/helloworld.c'
'Invoking: MicroBlaze gcc compiler'
mb-gcc -Wall -O0 -g3 -c -fmessage-length=0 -MT"src/helloworld.o" -I../../SDK_version_bsp/microblaze_0/include -mlittle-endian -mcpu=v9.5 -mxl-soft-mul -Wl,--no-relax -MMD -MP -MF"src/helloworld.d" -MT"src/helloworld.d" -o "src/helloworld.o" "../src/helloworld.c"
'Finished building: ../src/helloworld.c'
' '
'Building target: SDK_version.elf'
'Invoking: MicroBlaze gcc linker'
mb-gcc -Wl,-T -Wl,../src/lscript.ld -L../../SDK_version_bsp/microblaze_0/lib -mlittle-endian -mcpu=v9.5 -mxl-soft-mul -Wl,--no-relax -o "SDK_version.elf"  ./src/helloworld.o ./src/platform.o   -Wl,--start-group,-lxil,-lgcc,-lc,--end-group
'Finished building target: SDK_version.elf'
' '
'Invoking: MicroBlaze Print Size'
mb-size SDK_version.elf  |tee "SDK_version.elf.size"
   text	   data	    bss	    dec	    hex	filename
   6328	    288	   3152	   9768	   2628	SDK_version.elf
'Finished building: SDK_version.elf.size'
' '
04:02:59 **** Incremental Build of configuration Debug for project SDK_version ****
make all 
make: Nada a ser feito para `all'.
04:03:27 **** Incremental Build of configuration Debug for project SDK_version ****
make all 
make: Nada a ser feito para `all'.
04:03:58 **** Auto Build of configuration Debug for project SDK_version ****
make all 
'Building file: ../src/helloworld.c'
'Invoking: MicroBlaze gcc compiler'
mb-gcc -Wall -O0 -g3 -c -fmessage-length=0 -MT"src/helloworld.o" -I../../SDK_version_bsp/microblaze_0/include -mlittle-endian -mcpu=v9.5 -mxl-soft-mul -Wl,--no-relax -MMD -MP -MF"src/helloworld.d" -MT"src/helloworld.d" -o "src/helloworld.o" "../src/helloworld.c"
'Finished building: ../src/helloworld.c'
' '
'Building target: SDK_version.elf'
'Invoking: MicroBlaze gcc linker'
mb-gcc -Wl,-T -Wl,../src/lscript.ld -L../../SDK_version_bsp/microblaze_0/lib -mlittle-endian -mcpu=v9.5 -mxl-soft-mul -Wl,--no-relax -o "SDK_version.elf"  ./src/helloworld.o ./src/platform.o   -Wl,--start-group,-lxil,-lgcc,-lc,--end-group
'Finished building target: SDK_version.elf'
' '
'Invoking: MicroBlaze Print Size'
mb-size SDK_version.elf  |tee "SDK_version.elf.size"
   text	   data	    bss	    dec	    hex	filename
   6400	    288	   3152	   9840	   2670	SDK_version.elf
'Finished building: SDK_version.elf.size'
' '
04:04:08 **** Incremental Build of configuration Debug for project SDK_version ****
make all 
make: Nada a ser feito para `all'.
04:04:16 **** Incremental Build of configuration Debug for project SDK_version ****
make all 
make: Nada a ser feito para `all'.
04:04:28 **** Incremental Build of configuration Debug for project SDK_version ****
make all 
make: Nada a ser feito para `all'.
04:05:26 **** Auto Build of configuration Debug for project SDK_version ****
make all 
'Building file: ../src/helloworld.c'
'Invoking: MicroBlaze gcc compiler'
mb-gcc -Wall -O0 -g3 -c -fmessage-length=0 -MT"src/helloworld.o" -I../../SDK_version_bsp/microblaze_0/include -mlittle-endian -mcpu=v9.5 -mxl-soft-mul -Wl,--no-relax -MMD -MP -MF"src/helloworld.d" -MT"src/helloworld.d" -o "src/helloworld.o" "../src/helloworld.c"
'Finished building: ../src/helloworld.c'
' '
'Building target: SDK_version.elf'
'Invoking: MicroBlaze gcc linker'
mb-gcc -Wl,-T -Wl,../src/lscript.ld -L../../SDK_version_bsp/microblaze_0/lib -mlittle-endian -mcpu=v9.5 -mxl-soft-mul -Wl,--no-relax -o "SDK_version.elf"  ./src/helloworld.o ./src/platform.o   -Wl,--start-group,-lxil,-lgcc,-lc,--end-group
'Finished building target: SDK_version.elf'
' '
'Invoking: MicroBlaze Print Size'
mb-size SDK_version.elf  |tee "SDK_version.elf.size"
   text	   data	    bss	    dec	    hex	filename
   6364	    288	   3156	   9808	   2650	SDK_version.elf
'Finished building: SDK_version.elf.size'
' '
04:06:16 **** Auto Build of configuration Debug for project SDK_version ****
make all 
'Building file: ../src/helloworld.c'
'Invoking: MicroBlaze gcc compiler'
mb-gcc -Wall -O0 -g3 -c -fmessage-length=0 -MT"src/helloworld.o" -I../../SDK_version_bsp/microblaze_0/include -mlittle-endian -mcpu=v9.5 -mxl-soft-mul -Wl,--no-relax -MMD -MP -MF"src/helloworld.d" -MT"src/helloworld.d" -o "src/helloworld.o" "../src/helloworld.c"
'Finished building: ../src/helloworld.c'
' '
'Building target: SDK_version.elf'
'Invoking: MicroBlaze gcc linker'
mb-gcc -Wl,-T -Wl,../src/lscript.ld -L../../SDK_version_bsp/microblaze_0/lib -mlittle-endian -mcpu=v9.5 -mxl-soft-mul -Wl,--no-relax -o "SDK_version.elf"  ./src/helloworld.o ./src/platform.o   -Wl,--start-group,-lxil,-lgcc,-lc,--end-group
'Finished building target: SDK_version.elf'
' '
'Invoking: MicroBlaze Print Size'
mb-size SDK_version.elf  |tee "SDK_version.elf.size"
   text	   data	    bss	    dec	    hex	filename
   6364	    288	   3156	   9808	   2650	SDK_version.elf
'Finished building: SDK_version.elf.size'
' '
14:13:12 **** Incremental Build of configuration Debug for project SDK_version ****
make all 
make: Nada a ser feito para `all'.
14:14:18 **** Auto Build of configuration Debug for project SDK_version ****
make all 
'Building file: ../src/helloworld.c'
'Invoking: MicroBlaze gcc compiler'
mb-gcc -Wall -O0 -g3 -c -fmessage-length=0 -MT"src/helloworld.o" -I../../SDK_version_bsp/microblaze_0/include -mlittle-endian -mcpu=v9.5 -mxl-soft-mul -Wl,--no-relax -MMD -MP -MF"src/helloworld.d" -MT"src/helloworld.d" -o "src/helloworld.o" "../src/helloworld.c"
'Finished building: ../src/helloworld.c'
' '
'Building target: SDK_version.elf'
'Invoking: MicroBlaze gcc linker'
mb-gcc -Wl,-T -Wl,../src/lscript.ld -L../../SDK_version_bsp/microblaze_0/lib -mlittle-endian -mcpu=v9.5 -mxl-soft-mul -Wl,--no-relax -o "SDK_version.elf"  ./src/helloworld.o ./src/platform.o   -Wl,--start-group,-lxil,-lgcc,-lc,--end-group
'Finished building target: SDK_version.elf'
' '
'Invoking: MicroBlaze Print Size'
mb-size SDK_version.elf  |tee "SDK_version.elf.size"
   text	   data	    bss	    dec	    hex	filename
   6328	    288	   3152	   9768	   2628	SDK_version.elf
'Finished building: SDK_version.elf.size'
' '
14:14:37 **** Incremental Build of configuration Debug for project SDK_version ****
make all 
make: Nada a ser feito para `all'.
14:14:45 **** Incremental Build of configuration Debug for project SDK_version ****
make all 
make: Nada a ser feito para `all'.
14:14:55 **** Auto Build of configuration Debug for project SDK_version ****
make all 
'Building file: ../src/helloworld.c'
'Invoking: MicroBlaze gcc compiler'
mb-gcc -Wall -O0 -g3 -c -fmessage-length=0 -MT"src/helloworld.o" -I../../SDK_version_bsp/microblaze_0/include -mlittle-endian -mcpu=v9.5 -mxl-soft-mul -Wl,--no-relax -MMD -MP -MF"src/helloworld.d" -MT"src/helloworld.d" -o "src/helloworld.o" "../src/helloworld.c"
'Finished building: ../src/helloworld.c'
' '
'Building target: SDK_version.elf'
'Invoking: MicroBlaze gcc linker'
mb-gcc -Wl,-T -Wl,../src/lscript.ld -L../../SDK_version_bsp/microblaze_0/lib -mlittle-endian -mcpu=v9.5 -mxl-soft-mul -Wl,--no-relax -o "SDK_version.elf"  ./src/helloworld.o ./src/platform.o   -Wl,--start-group,-lxil,-lgcc,-lc,--end-group
'Finished building target: SDK_version.elf'
' '
'Invoking: MicroBlaze Print Size'
mb-size SDK_version.elf  |tee "SDK_version.elf.size"
   text	   data	    bss	    dec	    hex	filename
   6364	    288	   3156	   9808	   2650	SDK_version.elf
'Finished building: SDK_version.elf.size'
' '
14:15:01 **** Auto Build of configuration Debug for project SDK_version ****
make all 
'Building file: ../src/helloworld.c'
'Invoking: MicroBlaze gcc compiler'
mb-gcc -Wall -O0 -g3 -c -fmessage-length=0 -MT"src/helloworld.o" -I../../SDK_version_bsp/microblaze_0/include -mlittle-endian -mcpu=v9.5 -mxl-soft-mul -Wl,--no-relax -MMD -MP -MF"src/helloworld.d" -MT"src/helloworld.d" -o "src/helloworld.o" "../src/helloworld.c"
'Finished building: ../src/helloworld.c'
' '
'Building target: SDK_version.elf'
'Invoking: MicroBlaze gcc linker'
mb-gcc -Wl,-T -Wl,../src/lscript.ld -L../../SDK_version_bsp/microblaze_0/lib -mlittle-endian -mcpu=v9.5 -mxl-soft-mul -Wl,--no-relax -o "SDK_version.elf"  ./src/helloworld.o ./src/platform.o   -Wl,--start-group,-lxil,-lgcc,-lc,--end-group
'Finished building target: SDK_version.elf'
' '
'Invoking: MicroBlaze Print Size'
mb-size SDK_version.elf  |tee "SDK_version.elf.size"
   text	   data	    bss	    dec	    hex	filename
   6364	    288	   3156	   9808	   2650	SDK_version.elf
'Finished building: SDK_version.elf.size'
' '
14:15:05 **** Auto Build of configuration Debug for project SDK_version ****
make all 
'Building file: ../src/helloworld.c'
'Invoking: MicroBlaze gcc compiler'
mb-gcc -Wall -O0 -g3 -c -fmessage-length=0 -MT"src/helloworld.o" -I../../SDK_version_bsp/microblaze_0/include -mlittle-endian -mcpu=v9.5 -mxl-soft-mul -Wl,--no-relax -MMD -MP -MF"src/helloworld.d" -MT"src/helloworld.d" -o "src/helloworld.o" "../src/helloworld.c"
'Finished building: ../src/helloworld.c'
' '
'Building target: SDK_version.elf'
'Invoking: MicroBlaze gcc linker'
mb-gcc -Wl,-T -Wl,../src/lscript.ld -L../../SDK_version_bsp/microblaze_0/lib -mlittle-endian -mcpu=v9.5 -mxl-soft-mul -Wl,--no-relax -o "SDK_version.elf"  ./src/helloworld.o ./src/platform.o   -Wl,--start-group,-lxil,-lgcc,-lc,--end-group
'Finished building target: SDK_version.elf'
' '
'Invoking: MicroBlaze Print Size'
mb-size SDK_version.elf  |tee "SDK_version.elf.size"
   text	   data	    bss	    dec	    hex	filename
   6364	    288	   3156	   9808	   2650	SDK_version.elf
'Finished building: SDK_version.elf.size'
' '
14:35:25 **** Incremental Build of configuration Debug for project SDK_version ****
make all 
make: Nada a ser feito para `all'.
